
Allocating common symbols
Common symbol       size              file

uart_tx_buf         0x106             CMakeFiles/kiibohd.elf.dir/Scan/UARTConnect/connect_scan.c.o
Connect_receive_RemoteCapabilityBuffer
                    0x6               CMakeFiles/kiibohd.elf.dir/Scan/UARTConnect/connect_scan.c.o
CLIHexDebugMode     0x1               CMakeFiles/kiibohd.elf.dir/main.c.o
CLIHistoryCurrent   0x1               CMakeFiles/kiibohd.elf.dir/main.c.o
usb_rx_byte_count_data
                    0x10              CMakeFiles/kiibohd.elf.dir/Output/pjrcUSB/arm/usb_dev.c.o
CLILEDState         0x1               CMakeFiles/kiibohd.elf.dir/main.c.o
CLIDictionariesUsed
                    0x1               CMakeFiles/kiibohd.elf.dir/main.c.o
Macro_rotationLayer
                    0x2               CMakeFiles/kiibohd.elf.dir/Macro/PartialMap/macro.c.o
CLIHistoryBuffer    0x3e8             CMakeFiles/kiibohd.elf.dir/main.c.o
uart_tx_status      0x4               CMakeFiles/kiibohd.elf.dir/Scan/UARTConnect/connect_scan.c.o
USBKeys_SysCtrl     0x1               CMakeFiles/kiibohd.elf.dir/Output/pjrcUSB/output_com.c.o
Matrix_scanArray    0x13b             CMakeFiles/kiibohd.elf.dir/Scan/MatrixARM/matrix_scan.c.o
CLILineBuffer       0x65              CMakeFiles/kiibohd.elf.dir/main.c.o
I2C_RxBufferPtr     0x12c             CMakeFiles/kiibohd.elf.dir/Scan/ISSILed/led_scan.c.o
macroTriggerListBuffer
                    0x10b             CMakeFiles/kiibohd.elf.dir/Macro/PartialMap/macro.c.o
ResultMacroRecordList
                    0x126             CMakeFiles/kiibohd.elf.dir/Macro/PartialMap/macro.c.o
CLIHistoryHead      0x1               CMakeFiles/kiibohd.elf.dir/main.c.o
LayerState          0x3               CMakeFiles/kiibohd.elf.dir/Macro/PartialMap/macro.c.o
Connect_receive_RemoteCapabilityArgs
                    0x19              CMakeFiles/kiibohd.elf.dir/Scan/UARTConnect/connect_scan.c.o
usb_joystick_data   0xc               CMakeFiles/kiibohd.elf.dir/Output/pjrcUSB/arm/usb_joystick.c.o
USBKeys_Keys        0x1b              CMakeFiles/kiibohd.elf.dir/Output/pjrcUSB/output_com.c.o
Connect_receive_ScanCodeDeviceId
                    0x1               CMakeFiles/kiibohd.elf.dir/Scan/UARTConnect/connect_scan.c.o
uart_rx_status      0x8               CMakeFiles/kiibohd.elf.dir/Scan/UARTConnect/connect_scan.c.o
LED_pageBuffer      0x92              CMakeFiles/kiibohd.elf.dir/Scan/ISSILed/led_scan.c.o
uart_rx_buf         0x104             CMakeFiles/kiibohd.elf.dir/Scan/UARTConnect/connect_scan.c.o
macroTriggerListLayerCache
                    0x59              CMakeFiles/kiibohd.elf.dir/Macro/PartialMap/macro.c.o
I2C_TxBufferPtr     0x12c             CMakeFiles/kiibohd.elf.dir/Scan/ISSILed/led_scan.c.o
Connect_receive_ScanCodeBuffer
                    0x3               CMakeFiles/kiibohd.elf.dir/Scan/UARTConnect/connect_scan.c.o
CLIDict             0x28              CMakeFiles/kiibohd.elf.dir/main.c.o
LCD_layerStackExact
                    0x8               CMakeFiles/kiibohd.elf.dir/Scan/STLcd/lcd_scan.c.o
CLIHistoryTail      0x1               CMakeFiles/kiibohd.elf.dir/main.c.o
USBKeys_KeysCLI     0x1b              CMakeFiles/kiibohd.elf.dir/Output/pjrcUSB/output_com.c.o
macroInterconnectCache
                    0x10b             CMakeFiles/kiibohd.elf.dir/Macro/PartialMap/macro.c.o
CLIDictNames        0x28              CMakeFiles/kiibohd.elf.dir/main.c.o
Connect_receive_ScanCodeBufferPos
                    0x1               CMakeFiles/kiibohd.elf.dir/Scan/UARTConnect/connect_scan.c.o
CLILineBufferCurrent
                    0x1               CMakeFiles/kiibohd.elf.dir/main.c.o
USBKeys_ConsCtrl    0x2               CMakeFiles/kiibohd.elf.dir/Output/pjrcUSB/output_com.c.o
TriggerMacroRecordList
                    0xda              CMakeFiles/kiibohd.elf.dir/Macro/PartialMap/macro.c.o

Discarded input sections

 .group         0x0000000000000000        0x8 CMakeFiles/kiibohd.elf.dir/main.c.o
 .group         0x0000000000000000        0x8 CMakeFiles/kiibohd.elf.dir/main.c.o
 .group         0x0000000000000000        0x8 CMakeFiles/kiibohd.elf.dir/main.c.o
 .group         0x0000000000000000        0x8 CMakeFiles/kiibohd.elf.dir/main.c.o
 .group         0x0000000000000000        0x8 CMakeFiles/kiibohd.elf.dir/main.c.o
 .group         0x0000000000000000        0x8 CMakeFiles/kiibohd.elf.dir/main.c.o
 .group         0x0000000000000000        0x8 CMakeFiles/kiibohd.elf.dir/main.c.o
 .group         0x0000000000000000        0x8 CMakeFiles/kiibohd.elf.dir/main.c.o
 .group         0x0000000000000000        0x8 CMakeFiles/kiibohd.elf.dir/main.c.o
 .group         0x0000000000000000        0x8 CMakeFiles/kiibohd.elf.dir/main.c.o
 .group         0x0000000000000000        0x8 CMakeFiles/kiibohd.elf.dir/main.c.o
 .group         0x0000000000000000        0x8 CMakeFiles/kiibohd.elf.dir/main.c.o
 .group         0x0000000000000000        0x8 CMakeFiles/kiibohd.elf.dir/main.c.o
[...]
Memory Configuration

Name             Origin             Length             Attributes
FLASH            0x0000000000002000 0x000000000003e000 xr
RAM              0x000000001fff8000 0x0000000000010000 xrw
*default*        0x0000000000000000 0xffffffffffffffff

Linker script and memory map

LOAD CMakeFiles/kiibohd.elf.dir/main.c.o
LOAD CMakeFiles/kiibohd.elf.dir/Lib/mk20dx.c.o
LOAD CMakeFiles/kiibohd.elf.dir/Lib/delay.c.o
LOAD CMakeFiles/kiibohd.elf.dir/Scan/ISSILed/led_scan.c.o
LOAD CMakeFiles/kiibohd.elf.dir/Scan/MatrixARM/matrix_scan.c.o
LOAD CMakeFiles/kiibohd.elf.dir/Scan/STLcd/lcd_scan.c.o
LOAD CMakeFiles/kiibohd.elf.dir/Scan/UARTConnect/connect_scan.c.o
LOAD CMakeFiles/kiibohd.elf.dir/Scan/MDErgo1-CustomLogo/scan_loop.c.o
LOAD CMakeFiles/kiibohd.elf.dir/Macro/PartialMap/macro.c.o
LOAD CMakeFiles/kiibohd.elf.dir/Macro/PartialMap/result.c.o
LOAD CMakeFiles/kiibohd.elf.dir/Macro/PartialMap/trigger.c.o
LOAD CMakeFiles/kiibohd.elf.dir/Output/pjrcUSB/output_com.c.o
LOAD CMakeFiles/kiibohd.elf.dir/Output/pjrcUSB/arm/usb_desc.c.o
LOAD CMakeFiles/kiibohd.elf.dir/Output/pjrcUSB/arm/usb_dev.c.o
LOAD CMakeFiles/kiibohd.elf.dir/Output/pjrcUSB/arm/usb_joystick.c.o
LOAD CMakeFiles/kiibohd.elf.dir/Output/pjrcUSB/arm/usb_keyboard.c.o
LOAD CMakeFiles/kiibohd.elf.dir/Output/pjrcUSB/arm/usb_mem.c.o
LOAD CMakeFiles/kiibohd.elf.dir/Output/pjrcUSB/arm/usb_mouse.c.o
LOAD CMakeFiles/kiibohd.elf.dir/Output/pjrcUSB/arm/usb_serial.c.o
LOAD CMakeFiles/kiibohd.elf.dir/Debug/cli/cli.c.o
LOAD CMakeFiles/kiibohd.elf.dir/Debug/led/led.c.o
LOAD CMakeFiles/kiibohd.elf.dir/Debug/print/print.c.o

.text           0x0000000000002000     0xa8fc
                0x0000000000000000                . = 0x0
 *(.vectors)
 .vectors       0x0000000000002000      0x1bc CMakeFiles/kiibohd.elf.dir/Lib/mk20dx.c.o
                0x0000000000002000                gVectors
 *(.startup*)
 .startup       0x00000000000021bc      0x14c CMakeFiles/kiibohd.elf.dir/Lib/mk20dx.c.o
                0x00000000000021bc                ResetHandler
                0x0000000000000400                . = 0x400
 *fill*         0x0000000000002308       0xf8 
 *(.flashconfig)
 *(.text*)
 .text.startup.main
                0x0000000000002400       0x2c CMakeFiles/kiibohd.elf.dir/main.c.o
                0x0000000000002400                main
 .text.systick_default_isr
                0x000000000000242c       0x10 CMakeFiles/kiibohd.elf.dir/Lib/mk20dx.c.o
                0x000000000000242c                systick_isr
                0x000000000000242c                systick_default_isr
 .text.fault_isr
                0x000000000000243c       0x3c CMakeFiles/kiibohd.elf.dir/Lib/mk20dx.c.o
                0x000000000000243c                fault_isr
 .text.unused_isr
                0x0000000000002478        0x6 CMakeFiles/kiibohd.elf.dir/Lib/mk20dx.c.o
                0x0000000000002478                dma_ch0_isr
                0x0000000000002478                dma_ch6_isr
                0x0000000000002478                uart0_lon_isr
                0x0000000000002478                dma_ch8_isr
                0x0000000000002478                dma_error_isr
                0x0000000000002478                portd_isr
                0x0000000000002478                porte_isr
                0x0000000000002478                portb_isr
                0x0000000000002478                spi1_isr
                0x0000000000002478                uart3_status_isr
                0x0000000000002478                mcm_isr
                0x0000000000002478                uart1_status_isr
                0x0000000000002478                watchdog_isr
                0x0000000000002478                i2c1_isr
                0x0000000000002478                dma_ch11_isr
                0x0000000000002478                i2c2_isr
                0x0000000000002478                pit1_isr
                0x0000000000002478                dma_ch4_isr
                0x0000000000002478                software_isr
                0x0000000000002478                dma_ch7_isr
                0x0000000000002478                lptmr_isr
                0x0000000000002478                ftm2_isr
                0x0000000000002478                uart5_status_isr
                0x0000000000002478                dma_ch9_isr
                0x0000000000002478                pit2_isr
                0x0000000000002478                pit0_isr
                0x0000000000002478                can0_wakeup_isr
                0x0000000000002478                flash_cmd_isr
                0x0000000000002478                uart2_status_isr
                0x0000000000002478                svcall_isr
                0x0000000000002478                dma_ch15_isr
                0x0000000000002478                uart1_error_isr
                0x0000000000002478                unused_isr
                0x0000000000002478                spi0_isr
                0x0000000000002478                dma_ch3_isr
                0x0000000000002478                flash_error_isr
                0x0000000000002478                uart5_error_isr
                0x0000000000002478                rtc_seconds_isr
                0x0000000000002478                pdb_isr
                0x0000000000002478                dac1_isr
                0x0000000000002478                dma_ch14_isr
                0x0000000000002478                rtc_alarm_isr
                0x0000000000002478                dma_ch2_isr
                0x0000000000002478                ftm1_isr
                0x0000000000002478                dma_ch13_isr
                0x0000000000002478                uart2_error_isr
                0x0000000000002478                usb_charge_isr
                0x0000000000002478                cmt_isr
                0x0000000000002478                ftm3_isr
                0x0000000000002478                tsi0_isr
                0x0000000000002478                spi2_isr
                0x0000000000002478                can0_bus_off_isr
                0x0000000000002478                uart3_error_isr
                0x0000000000002478                porta_isr
                0x0000000000002478                low_voltage_isr
                0x0000000000002478                can0_error_isr
                0x0000000000002478                dma_ch12_isr
                0x0000000000002478                pit3_isr
                0x0000000000002478                portc_isr
                0x0000000000002478                debugmonitor_isr
                0x0000000000002478                cmp1_isr
                0x0000000000002478                ftm0_isr
                0x0000000000002478                i2s0_rx_isr
                0x0000000000002478                uart4_error_isr
                0x0000000000002478                can0_message_isr
                0x0000000000002478                sdhc_isr
                0x0000000000002478                dma_ch10_isr
                0x0000000000002478                uart0_error_isr
                0x0000000000002478                i2s0_tx_isr
                0x0000000000002478                adc1_isr
                0x0000000000002478                cmp0_isr
                0x0000000000002478                dac0_isr
                0x0000000000002478                uart0_status_isr
                0x0000000000002478                mcg_isr
                0x0000000000002478                dma_ch1_isr
                0x0000000000002478                dma_ch5_isr
                0x0000000000002478                can0_rx_warn_isr
                0x0000000000002478                can0_tx_warn_isr
                0x0000000000002478                uart4_status_isr
                0x0000000000002478                cmp2_isr
                0x0000000000002478                pendablesrvreq_isr
                0x0000000000002478                wakeup_isr
                0x0000000000002478                adc0_isr
 *fill*         0x000000000000247e        0x2 
 .text.nmi_default_isr
                0x0000000000002480        0xc CMakeFiles/kiibohd.elf.dir/Lib/mk20dx.c.o
                0x0000000000002480                nmi_isr
                0x0000000000002480                nmi_default_isr
 .text.hard_fault_default_isr
                0x000000000000248c       0x34 CMakeFiles/kiibohd.elf.dir/Lib/mk20dx.c.o
                0x000000000000248c                hard_fault_isr
                0x000000000000248c                hard_fault_default_isr
 .text.memmanage_fault_default_isr
                0x00000000000024c0       0x40 CMakeFiles/kiibohd.elf.dir/Lib/mk20dx.c.o
                0x00000000000024c0                memmanage_fault_default_isr
                0x00000000000024c0                memmanage_fault_isr
 .text.bus_fault_default_isr
                0x0000000000002500       0x40 CMakeFiles/kiibohd.elf.dir/Lib/mk20dx.c.o
                0x0000000000002500                bus_fault_isr
                0x0000000000002500                bus_fault_default_isr
 .text.usage_fault_default_isr
                0x0000000000002540       0x28 CMakeFiles/kiibohd.elf.dir/Lib/mk20dx.c.o
                0x0000000000002540                usage_fault_default_isr
                0x0000000000002540                usage_fault_isr
 .text.memset   0x0000000000002568       0x10 CMakeFiles/kiibohd.elf.dir/Lib/mk20dx.c.o
                0x0000000000002568                memset
 .text.memcpy   0x0000000000002578       0x18 CMakeFiles/kiibohd.elf.dir/Lib/mk20dx.c.o
                0x0000000000002578                memcpy
 .text.yield    0x0000000000002590        0x2 CMakeFiles/kiibohd.elf.dir/Lib/delay.c.o
                0x0000000000002590                yield
 *fill*         0x0000000000002592        0x2 
 .text.micros   0x0000000000002594       0x44 CMakeFiles/kiibohd.elf.dir/Lib/delay.c.o
                0x0000000000002594                micros
 .text.delay    0x00000000000025d8       0x26 CMakeFiles/kiibohd.elf.dir/Lib/delay.c.o
                0x00000000000025d8                delay
 .text.I2C_BufferLen
                0x00000000000025fe       0x14 CMakeFiles/kiibohd.elf.dir/Scan/ISSILed/led_scan.c.o
                0x00000000000025fe                I2C_BufferLen
 *fill*         0x0000000000002612        0x2 
 .text.I2C_BufferPush
                0x0000000000002614       0x60 CMakeFiles/kiibohd.elf.dir/Scan/ISSILed/led_scan.c.o
                0x0000000000002614                I2C_BufferPush
 .text.I2C_TxBufferPop
                0x0000000000002674       0xa4 CMakeFiles/kiibohd.elf.dir/Scan/ISSILed/led_scan.c.o
                0x0000000000002674                I2C_TxBufferPop
 .text.i2c0_isr
                0x0000000000002718      0x118 CMakeFiles/kiibohd.elf.dir/Scan/ISSILed/led_scan.c.o
                0x0000000000002718                i2c0_isr
 .text.I2C_Send
                0x0000000000002830       0xe0 CMakeFiles/kiibohd.elf.dir/Scan/ISSILed/led_scan.c.o
                0x0000000000002830                I2C_Send
 .text.LED_zeroPages
                0x0000000000002910       0x74 CMakeFiles/kiibohd.elf.dir/Scan/ISSILed/led_scan.c.o
                0x0000000000002910                LED_zeroPages
 .text.cliFunc_ledZero
                0x0000000000002984       0x1c CMakeFiles/kiibohd.elf.dir/Scan/ISSILed/led_scan.c.o
                0x0000000000002984                cliFunc_ledZero
 .text.LED_sendPage
                0x00000000000029a0       0x42 CMakeFiles/kiibohd.elf.dir/Scan/ISSILed/led_scan.c.o
                0x00000000000029a0                LED_sendPage
 *fill*         0x00000000000029e2        0x2 
 .text.cliFunc_ledTest
                0x00000000000029e4       0x20 CMakeFiles/kiibohd.elf.dir/Scan/ISSILed/led_scan.c.o
                0x00000000000029e4                cliFunc_ledTest
 .text.LED_writeReg
                0x0000000000002a04       0x4a CMakeFiles/kiibohd.elf.dir/Scan/ISSILed/led_scan.c.o
                0x0000000000002a04                LED_writeReg
 *fill*         0x0000000000002a4e        0x2 
 .text.LED_setup
                0x0000000000002a50       0xc4 CMakeFiles/kiibohd.elf.dir/Scan/ISSILed/led_scan.c.o
                0x0000000000002a50                LED_setup
 .text.cliFunc_ledStart
                0x0000000000002b14       0x34 CMakeFiles/kiibohd.elf.dir/Scan/ISSILed/led_scan.c.o
                0x0000000000002b14                cliFunc_ledStart
 .text.LED_readPage
                0x0000000000002b48       0x98 CMakeFiles/kiibohd.elf.dir/Scan/ISSILed/led_scan.c.o
                0x0000000000002b48                LED_readPage
 .text.cliFunc_ledRPage
                0x0000000000002be0       0x2c CMakeFiles/kiibohd.elf.dir/Scan/ISSILed/led_scan.c.o
                0x0000000000002be0                cliFunc_ledRPage
 .text.cliFunc_i2cSend
                0x0000000000002c0c       0x88 CMakeFiles/kiibohd.elf.dir/Scan/ISSILed/led_scan.c.o
                0x0000000000002c0c                cliFunc_i2cSend
 .text.cliFunc_i2cRecv
                0x0000000000002c94       0x88 CMakeFiles/kiibohd.elf.dir/Scan/ISSILed/led_scan.c.o
                0x0000000000002c94                cliFunc_i2cRecv
 .text.cliFunc_ledWPage
                0x0000000000002d1c       0x9a CMakeFiles/kiibohd.elf.dir/Scan/ISSILed/led_scan.c.o
                0x0000000000002d1c                cliFunc_ledWPage
 *fill*         0x0000000000002db6        0x2 
 .text.LED_scan
                0x0000000000002db8       0x28 CMakeFiles/kiibohd.elf.dir/Scan/ISSILed/led_scan.c.o
                0x0000000000002db8                LED_scan
 .text.LED_currentChange
                0x0000000000002de0        0xc CMakeFiles/kiibohd.elf.dir/Scan/ISSILed/led_scan.c.o
                0x0000000000002de0                LED_currentChange
 .text.LED_control
                0x0000000000002dec       0x98 CMakeFiles/kiibohd.elf.dir/Scan/ISSILed/led_scan.c.o
                0x0000000000002dec                LED_control
 .text.cliFunc_ledCtrl
                0x0000000000002e84       0x5c CMakeFiles/kiibohd.elf.dir/Scan/ISSILed/led_scan.c.o
                0x0000000000002e84                cliFunc_ledCtrl
 .text.LED_control_capability
                0x0000000000002ee0       0x98 CMakeFiles/kiibohd.elf.dir/Scan/ISSILed/led_scan.c.o
                0x0000000000002ee0                LED_control_capability
 .text.cliFunc_matrixInfo
                0x0000000000002f78       0x54 CMakeFiles/kiibohd.elf.dir/Scan/MatrixARM/matrix_scan.c.o
                0x0000000000002f78                cliFunc_matrixInfo
 .text.cliFunc_matrixState
                0x0000000000002fcc       0x24 CMakeFiles/kiibohd.elf.dir/Scan/MatrixARM/matrix_scan.c.o
                0x0000000000002fcc                cliFunc_matrixState
 .text.cliFunc_matrixDebug
                0x0000000000002ff0       0x5c CMakeFiles/kiibohd.elf.dir/Scan/MatrixARM/matrix_scan.c.o
                0x0000000000002ff0                cliFunc_matrixDebug
 .text.Matrix_pin
                0x000000000000304c       0xc8 CMakeFiles/kiibohd.elf.dir/Scan/MatrixARM/matrix_scan.c.o
                0x000000000000304c                Matrix_pin
 .text.Matrix_setup
                0x0000000000003114       0x98 CMakeFiles/kiibohd.elf.dir/Scan/MatrixARM/matrix_scan.c.o
                0x0000000000003114                Matrix_setup
 .text.Matrix_keyPositionDebug
                0x00000000000031ac       0x38 CMakeFiles/kiibohd.elf.dir/Scan/MatrixARM/matrix_scan.c.o
                0x00000000000031ac                Matrix_keyPositionDebug
 .text.Matrix_scan
                0x00000000000031e4      0x2cc CMakeFiles/kiibohd.elf.dir/Scan/MatrixARM/matrix_scan.c.o
                0x00000000000031e4                Matrix_scan
 .text.Matrix_currentChange
                0x00000000000034b0        0x2 CMakeFiles/kiibohd.elf.dir/Scan/MatrixARM/matrix_scan.c.o
                0x00000000000034b0                Matrix_currentChange
 *fill*         0x00000000000034b2        0x2 
 .text.cliFunc_lcdColor
                0x00000000000034b4       0x44 CMakeFiles/kiibohd.elf.dir/Scan/STLcd/lcd_scan.c.o
                0x00000000000034b4                cliFunc_lcdColor
 .text.SPI_write
                0x00000000000034f8       0x48 CMakeFiles/kiibohd.elf.dir/Scan/STLcd/lcd_scan.c.o
                0x00000000000034f8                SPI_write
 .text.LCD_writeControlReg
                0x0000000000003540       0x50 CMakeFiles/kiibohd.elf.dir/Scan/STLcd/lcd_scan.c.o
                0x0000000000003540                LCD_writeControlReg
 .text.cliFunc_lcdCmd
                0x0000000000003590       0x50 CMakeFiles/kiibohd.elf.dir/Scan/STLcd/lcd_scan.c.o
                0x0000000000003590                cliFunc_lcdCmd
 .text.cliFunc_lcdDisp
                0x00000000000035e0       0x76 CMakeFiles/kiibohd.elf.dir/Scan/STLcd/lcd_scan.c.o
                0x00000000000035e0                cliFunc_lcdDisp
 .text.LCD_writeDisplayReg
                0x0000000000003656       0x30 CMakeFiles/kiibohd.elf.dir/Scan/STLcd/lcd_scan.c.o
                0x0000000000003656                LCD_writeDisplayReg
 *fill*         0x0000000000003686        0x2 
 .text.cliFunc_lcdTest
                0x0000000000003688       0x20 CMakeFiles/kiibohd.elf.dir/Scan/STLcd/lcd_scan.c.o
                0x0000000000003688                cliFunc_lcdTest
 .text.LCD_clear
                0x00000000000036a8       0x68 CMakeFiles/kiibohd.elf.dir/Scan/STLcd/lcd_scan.c.o
                0x00000000000036a8                LCD_clear
 .text.LCD_initialize
                0x0000000000003710       0x46 CMakeFiles/kiibohd.elf.dir/Scan/STLcd/lcd_scan.c.o
                0x0000000000003710                LCD_initialize
 .text.cliFunc_lcdInit
                0x0000000000003756        0x4 CMakeFiles/kiibohd.elf.dir/Scan/STLcd/lcd_scan.c.o
                0x0000000000003756                cliFunc_lcdInit
 *fill*         0x000000000000375a        0x2 
 .text.LCD_setup
                0x000000000000375c      0x114 CMakeFiles/kiibohd.elf.dir/Scan/STLcd/lcd_scan.c.o
                0x000000000000375c                LCD_setup
 .text.LCD_scan
                0x0000000000003870        0x4 CMakeFiles/kiibohd.elf.dir/Scan/STLcd/lcd_scan.c.o
                0x0000000000003870                LCD_scan
 .text.LCD_currentChange
                0x0000000000003874        0x2 CMakeFiles/kiibohd.elf.dir/Scan/STLcd/lcd_scan.c.o
                0x0000000000003874                LCD_currentChange
 *fill*         0x0000000000003876        0x2 
 .text.LCD_layerStackExact_capability
                0x0000000000003878      0x118 CMakeFiles/kiibohd.elf.dir/Scan/STLcd/lcd_scan.c.o
                0x0000000000003878                LCD_layerStackExact_capability
 .text.LCD_layerStack_capability
                0x0000000000003990       0xb8 CMakeFiles/kiibohd.elf.dir/Scan/STLcd/lcd_scan.c.o
                0x0000000000003990                LCD_layerStack_capability
 .text.Connect_receive_Animation
                0x0000000000003a48       0x10 CMakeFiles/kiibohd.elf.dir/Scan/UARTConnect/connect_scan.c.o
                0x0000000000003a48                Connect_receive_Animation
 .text.cliFunc_connectDbg
                0x0000000000003a58       0x28 CMakeFiles/kiibohd.elf.dir/Scan/UARTConnect/connect_scan.c.o
                0x0000000000003a58                cliFunc_connectDbg
 .text.Connect_receive_CableCheck
                0x0000000000003a80      0x134 CMakeFiles/kiibohd.elf.dir/Scan/UARTConnect/connect_scan.c.o
                0x0000000000003a80                Connect_receive_CableCheck
 .text.cliFunc_connectLst
                0x0000000000003bb4       0x58 CMakeFiles/kiibohd.elf.dir/Scan/UARTConnect/connect_scan.c.o
                0x0000000000003bb4                cliFunc_connectLst
 .text.cliFunc_connectSts
                0x0000000000003c0c      0x148 CMakeFiles/kiibohd.elf.dir/Scan/UARTConnect/connect_scan.c.o
                0x0000000000003c0c                cliFunc_connectSts
 .text.cliFunc_connectMst
                0x0000000000003d54       0x70 CMakeFiles/kiibohd.elf.dir/Scan/UARTConnect/connect_scan.c.o
                0x0000000000003d54                cliFunc_connectMst
 .text.Connect_addBytes.part.1
                0x0000000000003dc4       0xc0 CMakeFiles/kiibohd.elf.dir/Scan/UARTConnect/connect_scan.c.o
 .text.Connect_receive_ScanCode
                0x0000000000003e84      0x178 CMakeFiles/kiibohd.elf.dir/Scan/UARTConnect/connect_scan.c.o
                0x0000000000003e84                Connect_receive_ScanCode
 .text.Connect_addBytes
                0x0000000000003ffc       0x20 CMakeFiles/kiibohd.elf.dir/Scan/UARTConnect/connect_scan.c.o
                0x0000000000003ffc                Connect_addBytes
 .text.Connect_receive_RemoteCapability
                0x000000000000401c      0x114 CMakeFiles/kiibohd.elf.dir/Scan/UARTConnect/connect_scan.c.o
                0x000000000000401c                Connect_receive_RemoteCapability
 .text.Connect_send_CableCheck
                0x0000000000004130       0x8c CMakeFiles/kiibohd.elf.dir/Scan/UARTConnect/connect_scan.c.o
                0x0000000000004130                Connect_send_CableCheck
 .text.Connect_send_IdRequest
                0x00000000000041bc       0x40 CMakeFiles/kiibohd.elf.dir/Scan/UARTConnect/connect_scan.c.o
                0x00000000000041bc                Connect_send_IdRequest
 .text.Connect_send_IdEnumeration
                0x00000000000041fc       0x44 CMakeFiles/kiibohd.elf.dir/Scan/UARTConnect/connect_scan.c.o
                0x00000000000041fc                Connect_send_IdEnumeration
 .text.Connect_receive_IdRequest
                0x0000000000004240       0x38 CMakeFiles/kiibohd.elf.dir/Scan/UARTConnect/connect_scan.c.o
                0x0000000000004240                Connect_receive_IdRequest
 .text.Connect_send_IdReport
                0x0000000000004278       0x44 CMakeFiles/kiibohd.elf.dir/Scan/UARTConnect/connect_scan.c.o
                0x0000000000004278                Connect_send_IdReport
 .text.Connect_receive_IdEnumeration
                0x00000000000042bc       0x4c CMakeFiles/kiibohd.elf.dir/Scan/UARTConnect/connect_scan.c.o
                0x00000000000042bc                Connect_receive_IdEnumeration
 .text.Connect_receive_IdReport
                0x0000000000004308       0x60 CMakeFiles/kiibohd.elf.dir/Scan/UARTConnect/connect_scan.c.o
                0x0000000000004308                Connect_receive_IdReport
 .text.Connect_send_ScanCode
                0x0000000000004368       0x5c CMakeFiles/kiibohd.elf.dir/Scan/UARTConnect/connect_scan.c.o
                0x0000000000004368                Connect_send_ScanCode
 .text.cliFunc_connectCmd
                0x00000000000043c4       0x68 CMakeFiles/kiibohd.elf.dir/Scan/UARTConnect/connect_scan.c.o
                0x00000000000043c4                cliFunc_connectCmd
 .text.Connect_send_RemoteCapability
                0x000000000000442c       0xc0 CMakeFiles/kiibohd.elf.dir/Scan/UARTConnect/connect_scan.c.o
                0x000000000000442c                Connect_send_RemoteCapability
 .text.Connect_send_Idle
                0x00000000000044ec       0x64 CMakeFiles/kiibohd.elf.dir/Scan/UARTConnect/connect_scan.c.o
                0x00000000000044ec                Connect_send_Idle
 .text.cliFunc_connectIdl
                0x0000000000004550       0x38 CMakeFiles/kiibohd.elf.dir/Scan/UARTConnect/connect_scan.c.o
                0x0000000000004550                cliFunc_connectIdl
 .text.Connect_reset
                0x0000000000004588       0x48 CMakeFiles/kiibohd.elf.dir/Scan/UARTConnect/connect_scan.c.o
                0x0000000000004588                Connect_reset
 .text.cliFunc_connectRst
                0x00000000000045d0       0x28 CMakeFiles/kiibohd.elf.dir/Scan/UARTConnect/connect_scan.c.o
                0x00000000000045d0                cliFunc_connectRst
 .text.Connect_setup
                0x00000000000045f8      0x1c0 CMakeFiles/kiibohd.elf.dir/Scan/UARTConnect/connect_scan.c.o
                0x00000000000045f8                Connect_setup
 .text.Connect_rx_process
                0x00000000000047b8      0x1b8 CMakeFiles/kiibohd.elf.dir/Scan/UARTConnect/connect_scan.c.o
                0x00000000000047b8                Connect_rx_process
 .text.Connect_scan
                0x0000000000004970      0x1e0 CMakeFiles/kiibohd.elf.dir/Scan/UARTConnect/connect_scan.c.o
                0x0000000000004970                Connect_scan
 .text.Connect_currentChange
                0x0000000000004b50        0x2 CMakeFiles/kiibohd.elf.dir/Scan/UARTConnect/connect_scan.c.o
                0x0000000000004b50                Connect_currentChange
 *fill*         0x0000000000004b52        0x2 
 .text.Scan_setup
                0x0000000000004b54       0x28 CMakeFiles/kiibohd.elf.dir/Scan/MDErgo1-CustomLogo/scan_loop.c.o
                0x0000000000004b54                Scan_setup
 .text.Scan_loop
                0x0000000000004b7c       0x24 CMakeFiles/kiibohd.elf.dir/Scan/MDErgo1-CustomLogo/scan_loop.c.o
                0x0000000000004b7c                Scan_loop
 .text.Scan_finishedWithMacro
                0x0000000000004ba0        0x2 CMakeFiles/kiibohd.elf.dir/Scan/MDErgo1-CustomLogo/scan_loop.c.o
                0x0000000000004ba0                Scan_finishedWithMacro
 *fill*         0x0000000000004ba2        0x2 
 .text.Scan_finishedWithOutput
                0x0000000000004ba4        0xc CMakeFiles/kiibohd.elf.dir/Scan/MDErgo1-CustomLogo/scan_loop.c.o
                0x0000000000004ba4                Scan_finishedWithOutput
 .text.Scan_currentChange
                0x0000000000004bb0       0x1e CMakeFiles/kiibohd.elf.dir/Scan/MDErgo1-CustomLogo/scan_loop.c.o
                0x0000000000004bb0                Scan_currentChange
 *fill*         0x0000000000004bce        0x2 
 .text.cliFunc_capList
                0x0000000000004bd0       0x58 CMakeFiles/kiibohd.elf.dir/Macro/PartialMap/macro.c.o
                0x0000000000004bd0                cliFunc_capList
 .text.cliFunc_macroStep
                0x0000000000004c28       0x28 CMakeFiles/kiibohd.elf.dir/Macro/PartialMap/macro.c.o
                0x0000000000004c28                cliFunc_macroStep
 .text.cliFunc_capSelect
                0x0000000000004c50      0x104 CMakeFiles/kiibohd.elf.dir/Macro/PartialMap/macro.c.o
                0x0000000000004c50                cliFunc_capSelect
 .text.cliFunc_layerDebug
                0x0000000000004d54       0x30 CMakeFiles/kiibohd.elf.dir/Macro/PartialMap/macro.c.o
                0x0000000000004d54                cliFunc_layerDebug
 .text.cliFunc_layerState
                0x0000000000004d84       0x68 CMakeFiles/kiibohd.elf.dir/Macro/PartialMap/macro.c.o
                0x0000000000004d84                cliFunc_layerState
 .text.cliFunc_macroDebug
                0x0000000000004dec       0x30 CMakeFiles/kiibohd.elf.dir/Macro/PartialMap/macro.c.o
                0x0000000000004dec                cliFunc_macroDebug
 .text.cliFunc_macroProc
                0x0000000000004e1c       0x30 CMakeFiles/kiibohd.elf.dir/Macro/PartialMap/macro.c.o
                0x0000000000004e1c                cliFunc_macroProc
 .text.cliFunc_layerList
                0x0000000000004e4c       0x94 CMakeFiles/kiibohd.elf.dir/Macro/PartialMap/macro.c.o
                0x0000000000004e4c                cliFunc_layerList
 .text.cliFunc_macroList
                0x0000000000004ee0      0x160 CMakeFiles/kiibohd.elf.dir/Macro/PartialMap/macro.c.o
                0x0000000000004ee0                cliFunc_macroList
 .text.Macro_layerState
                0x0000000000005040       0xd0 CMakeFiles/kiibohd.elf.dir/Macro/PartialMap/macro.c.o
                0x0000000000005040                Macro_layerState
 .text.Macro_layerState_capability
                0x0000000000005110       0x24 CMakeFiles/kiibohd.elf.dir/Macro/PartialMap/macro.c.o
                0x0000000000005110                Macro_layerState_capability
 .text.Macro_layerLatch_capability
                0x0000000000005134       0x24 CMakeFiles/kiibohd.elf.dir/Macro/PartialMap/macro.c.o
                0x0000000000005134                Macro_layerLatch_capability
 .text.Macro_layerLock_capability
                0x0000000000005158       0x24 CMakeFiles/kiibohd.elf.dir/Macro/PartialMap/macro.c.o
                0x0000000000005158                Macro_layerLock_capability
 .text.Macro_layerShift_capability
                0x000000000000517c       0x24 CMakeFiles/kiibohd.elf.dir/Macro/PartialMap/macro.c.o
                0x000000000000517c                Macro_layerShift_capability
 .text.Macro_layerRotate_capability
                0x00000000000051a0       0x70 CMakeFiles/kiibohd.elf.dir/Macro/PartialMap/macro.c.o
                0x00000000000051a0                Macro_layerRotate_capability
 .text.Macro_layerLookup
                0x0000000000005210      0x128 CMakeFiles/kiibohd.elf.dir/Macro/PartialMap/macro.c.o
                0x0000000000005210                Macro_layerLookup
 .text.Macro_interconnectAdd
                0x0000000000005338       0xb8 CMakeFiles/kiibohd.elf.dir/Macro/PartialMap/macro.c.o
                0x0000000000005338                Macro_interconnectAdd
 .text.Macro_keyState
                0x00000000000053f0       0x60 CMakeFiles/kiibohd.elf.dir/Macro/PartialMap/macro.c.o
                0x00000000000053f0                Macro_keyState
 .text.cliFunc_keyHold
                0x0000000000005450       0x2e CMakeFiles/kiibohd.elf.dir/Macro/PartialMap/macro.c.o
                0x0000000000005450                cliFunc_keyHold
 .text.cliFunc_keyPress
                0x000000000000547e       0x2e CMakeFiles/kiibohd.elf.dir/Macro/PartialMap/macro.c.o
                0x000000000000547e                cliFunc_keyPress
 .text.cliFunc_keyRelease
                0x00000000000054ac       0x2e CMakeFiles/kiibohd.elf.dir/Macro/PartialMap/macro.c.o
                0x00000000000054ac                cliFunc_keyRelease
 *fill*         0x00000000000054da        0x2 
 .text.Macro_appendResultMacroToPendingList
                0x00000000000054dc       0x94 CMakeFiles/kiibohd.elf.dir/Macro/PartialMap/macro.c.o
                0x00000000000054dc                Macro_appendResultMacroToPendingList
 .text.Macro_process
                0x0000000000005570       0xf4 CMakeFiles/kiibohd.elf.dir/Macro/PartialMap/macro.c.o
                0x0000000000005570                Macro_process
 .text.Macro_setup
                0x0000000000005664       0x48 CMakeFiles/kiibohd.elf.dir/Macro/PartialMap/macro.c.o
                0x0000000000005664                Macro_setup
 .text.macroDebugShowTrigger
                0x00000000000056ac      0x110 CMakeFiles/kiibohd.elf.dir/Macro/PartialMap/macro.c.o
                0x00000000000056ac                macroDebugShowTrigger
 .text.macroDebugShowResult
                0x00000000000057bc      0x174 CMakeFiles/kiibohd.elf.dir/Macro/PartialMap/macro.c.o
                0x00000000000057bc                macroDebugShowResult
 .text.cliFunc_macroShow
                0x0000000000005930       0x3e CMakeFiles/kiibohd.elf.dir/Macro/PartialMap/macro.c.o
                0x0000000000005930                cliFunc_macroShow
 *fill*         0x000000000000596e        0x2 
 .text.Result_setup
                0x0000000000005970       0x1c CMakeFiles/kiibohd.elf.dir/Macro/PartialMap/result.c.o
                0x0000000000005970                Result_setup
 .text.Result_process
                0x000000000000598c       0xb0 CMakeFiles/kiibohd.elf.dir/Macro/PartialMap/result.c.o
                0x000000000000598c                Result_process
 .text.Macro_evalTriggerMacro
                0x0000000000005a3c      0x260 CMakeFiles/kiibohd.elf.dir/Macro/PartialMap/trigger.c.o
                0x0000000000005a3c                Macro_evalTriggerMacro
 .text.Trigger_setup
                0x0000000000005c9c       0x1c CMakeFiles/kiibohd.elf.dir/Macro/PartialMap/trigger.c.o
                0x0000000000005c9c                Trigger_setup
 .text.Trigger_process
                0x0000000000005cb8       0xf8 CMakeFiles/kiibohd.elf.dir/Macro/PartialMap/trigger.c.o
                0x0000000000005cb8                Trigger_process
 .text.cliFunc_sendKeys
                0x0000000000005db0       0x24 CMakeFiles/kiibohd.elf.dir/Output/pjrcUSB/output_com.c.o
                0x0000000000005db0                cliFunc_sendKeys
 .text.cliFunc_kbdProtocol
                0x0000000000005dd4       0x28 CMakeFiles/kiibohd.elf.dir/Output/pjrcUSB/output_com.c.o
                0x0000000000005dd4                cliFunc_kbdProtocol
 .text.cliFunc_readLEDs
                0x0000000000005dfc       0x28 CMakeFiles/kiibohd.elf.dir/Output/pjrcUSB/output_com.c.o
                0x0000000000005dfc                cliFunc_readLEDs
 .text.cliFunc_setKeys
                0x0000000000005e24       0x34 CMakeFiles/kiibohd.elf.dir/Output/pjrcUSB/output_com.c.o
                0x0000000000005e24                cliFunc_setKeys
 .text.cliFunc_outputDebug
                0x0000000000005e58       0x24 CMakeFiles/kiibohd.elf.dir/Output/pjrcUSB/output_com.c.o
                0x0000000000005e58                cliFunc_outputDebug
 .text.cliFunc_setMod
                0x0000000000005e7c       0x20 CMakeFiles/kiibohd.elf.dir/Output/pjrcUSB/output_com.c.o
                0x0000000000005e7c                cliFunc_setMod
 .text.Output_consCtrlSend_capability
                0x0000000000005e9c       0x58 CMakeFiles/kiibohd.elf.dir/Output/pjrcUSB/output_com.c.o
                0x0000000000005e9c                Output_consCtrlSend_capability
 .text.Output_noneSend_capability
                0x0000000000005ef4       0x14 CMakeFiles/kiibohd.elf.dir/Output/pjrcUSB/output_com.c.o
                0x0000000000005ef4                Output_noneSend_capability
 .text.Output_sysCtrlSend_capability
                0x0000000000005f08       0x58 CMakeFiles/kiibohd.elf.dir/Output/pjrcUSB/output_com.c.o
                0x0000000000005f08                Output_sysCtrlSend_capability
 .text.Output_flashMode_capability
                0x0000000000005f60       0x18 CMakeFiles/kiibohd.elf.dir/Output/pjrcUSB/output_com.c.o
                0x0000000000005f60                Output_flashMode_capability
 .text.Output_usbMouse_capability
                0x0000000000005f78       0x84 CMakeFiles/kiibohd.elf.dir/Output/pjrcUSB/output_com.c.o
                0x0000000000005f78                Output_usbMouse_capability
 .text.Output_flushBuffers
                0x0000000000005ffc       0x2c CMakeFiles/kiibohd.elf.dir/Output/pjrcUSB/output_com.c.o
                0x0000000000005ffc                Output_flushBuffers
 .text.Output_kbdProtocolBoot_capability
                0x0000000000006028       0x30 CMakeFiles/kiibohd.elf.dir/Output/pjrcUSB/output_com.c.o
                0x0000000000006028                Output_kbdProtocolBoot_capability
 .text.Output_kbdProtocolNKRO_capability
                0x0000000000006058       0x34 CMakeFiles/kiibohd.elf.dir/Output/pjrcUSB/output_com.c.o
                0x0000000000006058                Output_kbdProtocolNKRO_capability
 .text.Output_usbCodeSend_capability
                0x000000000000608c      0x1cc CMakeFiles/kiibohd.elf.dir/Output/pjrcUSB/output_com.c.o
                0x000000000000608c                Output_usbCodeSend_capability
 .text.Output_setup
                0x0000000000006258       0x20 CMakeFiles/kiibohd.elf.dir/Output/pjrcUSB/output_com.c.o
                0x0000000000006258                Output_setup
 .text.Output_send
                0x0000000000006278       0x74 CMakeFiles/kiibohd.elf.dir/Output/pjrcUSB/output_com.c.o
                0x0000000000006278                Output_send
 .text.Output_availablechar
                0x00000000000062ec        0x4 CMakeFiles/kiibohd.elf.dir/Output/pjrcUSB/output_com.c.o
                0x00000000000062ec                Output_availablechar
 .text.Output_getchar
                0x00000000000062f0        0x4 CMakeFiles/kiibohd.elf.dir/Output/pjrcUSB/output_com.c.o
                0x00000000000062f0                Output_getchar
 .text.Output_putstr
                0x00000000000062f4       0x10 CMakeFiles/kiibohd.elf.dir/Output/pjrcUSB/output_com.c.o
                0x00000000000062f4                Output_putstr
 .text.Output_softReset
                0x0000000000006304       0x10 CMakeFiles/kiibohd.elf.dir/Output/pjrcUSB/output_com.c.o
                0x0000000000006304                Output_softReset
 .text.Output_current_available
                0x0000000000006314       0x18 CMakeFiles/kiibohd.elf.dir/Output/pjrcUSB/output_com.c.o
                0x0000000000006314                Output_current_available
 .text.Output_update_usb_current
                0x000000000000632c       0x20 CMakeFiles/kiibohd.elf.dir/Output/pjrcUSB/output_com.c.o
                0x000000000000632c                Output_update_usb_current
 .text.Output_update_external_current
                0x000000000000634c       0x40 CMakeFiles/kiibohd.elf.dir/Output/pjrcUSB/output_com.c.o
                0x000000000000634c                Output_update_external_current
 .text.endpoint0_transmit
                0x000000000000638c       0x40 CMakeFiles/kiibohd.elf.dir/Output/pjrcUSB/arm/usb_dev.c.o
 .text.usb_rx   0x00000000000063cc       0x38 CMakeFiles/kiibohd.elf.dir/Output/pjrcUSB/arm/usb_dev.c.o
                0x00000000000063cc                usb_rx
 .text.usb_tx_packet_count
                0x0000000000006404       0x24 CMakeFiles/kiibohd.elf.dir/Output/pjrcUSB/arm/usb_dev.c.o
                0x0000000000006404                usb_tx_packet_count
 .text.usb_rx_memory
                0x0000000000006428       0x78 CMakeFiles/kiibohd.elf.dir/Output/pjrcUSB/arm/usb_dev.c.o
                0x0000000000006428                usb_rx_memory
 .text.usb_tx   0x00000000000064a0       0xbc CMakeFiles/kiibohd.elf.dir/Output/pjrcUSB/arm/usb_dev.c.o
                0x00000000000064a0                usb_tx
 .text.usb_device_reload
                0x000000000000655c       0x34 CMakeFiles/kiibohd.elf.dir/Output/pjrcUSB/arm/usb_dev.c.o
                0x000000000000655c                usb_device_reload
 .text.usb_isr  0x0000000000006590      0x80c CMakeFiles/kiibohd.elf.dir/Output/pjrcUSB/arm/usb_dev.c.o
                0x0000000000006590                usb_isr
 .text.usb_init
                0x0000000000006d9c       0xac CMakeFiles/kiibohd.elf.dir/Output/pjrcUSB/arm/usb_dev.c.o
                0x0000000000006d9c                usb_init
 .text.usb_device_check
                0x0000000000006e48       0x54 CMakeFiles/kiibohd.elf.dir/Output/pjrcUSB/arm/usb_dev.c.o
                0x0000000000006e48                usb_device_check
 .text.usb_keyboard_send
                0x0000000000006e9c      0x2c8 CMakeFiles/kiibohd.elf.dir/Output/pjrcUSB/arm/usb_keyboard.c.o
                0x0000000000006e9c                usb_keyboard_send
 .text.usb_malloc
                0x0000000000007164       0x3c CMakeFiles/kiibohd.elf.dir/Output/pjrcUSB/arm/usb_mem.c.o
                0x0000000000007164                usb_malloc
 .text.usb_free
                0x00000000000071a0       0x44 CMakeFiles/kiibohd.elf.dir/Output/pjrcUSB/arm/usb_mem.c.o
                0x00000000000071a0                usb_free
 .text.usb_mouse_send
                0x00000000000071e4       0xa4 CMakeFiles/kiibohd.elf.dir/Output/pjrcUSB/arm/usb_mouse.c.o
                0x00000000000071e4                usb_mouse_send
 .text.usb_serial_getchar
                0x0000000000007288       0x4c CMakeFiles/kiibohd.elf.dir/Output/pjrcUSB/arm/usb_serial.c.o
                0x0000000000007288                usb_serial_getchar
 .text.usb_serial_available
                0x00000000000072d4       0x1c CMakeFiles/kiibohd.elf.dir/Output/pjrcUSB/arm/usb_serial.c.o
                0x00000000000072d4                usb_serial_available
 .text.usb_serial_write
                0x00000000000072f0       0xd0 CMakeFiles/kiibohd.elf.dir/Output/pjrcUSB/arm/usb_serial.c.o
                0x00000000000072f0                usb_serial_write
 .text.usb_serial_flush_callback
                0x00000000000073c0       0x48 CMakeFiles/kiibohd.elf.dir/Output/pjrcUSB/arm/usb_serial.c.o
                0x00000000000073c0                usb_serial_flush_callback
 .text.cliFunc_clear
                0x0000000000007408        0xc CMakeFiles/kiibohd.elf.dir/Debug/cli/cli.c.o
                0x0000000000007408                cliFunc_clear
 .text.cliFunc_reload
                0x0000000000007414       0x24 CMakeFiles/kiibohd.elf.dir/Debug/cli/cli.c.o
                0x0000000000007414                cliFunc_reload
 .text.cliFunc_reset
                0x0000000000007438        0xc CMakeFiles/kiibohd.elf.dir/Debug/cli/cli.c.o
                0x0000000000007438                cliFunc_reset
 .text.cliFunc_help
                0x0000000000007444       0xb0 CMakeFiles/kiibohd.elf.dir/Debug/cli/cli.c.o
                0x0000000000007444                cliFunc_help
 .text.cliFunc_led
                0x00000000000074f4       0x14 CMakeFiles/kiibohd.elf.dir/Debug/cli/cli.c.o
                0x00000000000074f4                cliFunc_led
 .text.cliFunc_restart
                0x0000000000007508        0x4 CMakeFiles/kiibohd.elf.dir/Debug/cli/cli.c.o
                0x0000000000007508                cliFunc_restart
 .text.cliFunc_version
                0x000000000000750c       0xd4 CMakeFiles/kiibohd.elf.dir/Debug/cli/cli.c.o
                0x000000000000750c                cliFunc_version
 .text.cliFunc_cliDebug
                0x00000000000075e0       0x38 CMakeFiles/kiibohd.elf.dir/Debug/cli/cli.c.o
                0x00000000000075e0                cliFunc_cliDebug
 .text.CLI_argumentIsolation
                0x0000000000007618       0x24 CMakeFiles/kiibohd.elf.dir/Debug/cli/cli.c.o
                0x0000000000007618                CLI_argumentIsolation
 .text.CLI_commandLookup
                0x000000000000763c       0xc4 CMakeFiles/kiibohd.elf.dir/Debug/cli/cli.c.o
                0x000000000000763c                CLI_commandLookup
 .text.CLI_registerDictionary
                0x0000000000007700       0x38 CMakeFiles/kiibohd.elf.dir/Debug/cli/cli.c.o
                0x0000000000007700                CLI_registerDictionary
 .text.CLI_init
                0x0000000000007738       0x68 CMakeFiles/kiibohd.elf.dir/Debug/cli/cli.c.o
                0x0000000000007738                CLI_init
 .text.CLI_tabCompletion
                0x00000000000077a0       0xc0 CMakeFiles/kiibohd.elf.dir/Debug/cli/cli.c.o
                0x00000000000077a0                CLI_tabCompletion
 .text.CLI_wrap
                0x0000000000007860       0x28 CMakeFiles/kiibohd.elf.dir/Debug/cli/cli.c.o
                0x0000000000007860                CLI_wrap
 .text.CLI_saveHistory
                0x0000000000007888       0x50 CMakeFiles/kiibohd.elf.dir/Debug/cli/cli.c.o
                0x0000000000007888                CLI_saveHistory
 .text.CLI_retreiveHistory
                0x00000000000078d8       0x50 CMakeFiles/kiibohd.elf.dir/Debug/cli/cli.c.o
                0x00000000000078d8                CLI_retreiveHistory
 .text.CLI_process
                0x0000000000007928      0x214 CMakeFiles/kiibohd.elf.dir/Debug/cli/cli.c.o
                0x0000000000007928                CLI_process
 .text.init_errorLED
                0x0000000000007b3c       0x1c CMakeFiles/kiibohd.elf.dir/Debug/led/led.c.o
                0x0000000000007b3c                init_errorLED
 .text.errorLED
                0x0000000000007b58       0x1c CMakeFiles/kiibohd.elf.dir/Debug/led/led.c.o
                0x0000000000007b58                errorLED
 .text.printstrs
                0x0000000000007b74       0x34 CMakeFiles/kiibohd.elf.dir/Debug/print/print.c.o
                0x0000000000007b74                printstrs
 .text._print   0x0000000000007ba8        0x4 CMakeFiles/kiibohd.elf.dir/Debug/print/print.c.o
                0x0000000000007ba8                _print
 .text.lenStr   0x0000000000007bac       0x12 CMakeFiles/kiibohd.elf.dir/Debug/print/print.c.o
                0x0000000000007bac                lenStr
 .text.revsStr  0x0000000000007bbe       0x20 CMakeFiles/kiibohd.elf.dir/Debug/print/print.c.o
                0x0000000000007bbe                revsStr
 .text.int8ToStr
                0x0000000000007bde       0x28 CMakeFiles/kiibohd.elf.dir/Debug/print/print.c.o
                0x0000000000007bde                int8ToStr
 .text.printInt8
                0x0000000000007c06       0x14 CMakeFiles/kiibohd.elf.dir/Debug/print/print.c.o
                0x0000000000007c06                printInt8
 .text.int16ToStr
                0x0000000000007c1a       0x28 CMakeFiles/kiibohd.elf.dir/Debug/print/print.c.o
                0x0000000000007c1a                int16ToStr
 .text.printInt16
                0x0000000000007c42       0x14 CMakeFiles/kiibohd.elf.dir/Debug/print/print.c.o
                0x0000000000007c42                printInt16
 .text.int32ToStr
                0x0000000000007c56       0x2a CMakeFiles/kiibohd.elf.dir/Debug/print/print.c.o
                0x0000000000007c56                int32ToStr
 .text.printInt32
                0x0000000000007c80       0x14 CMakeFiles/kiibohd.elf.dir/Debug/print/print.c.o
                0x0000000000007c80                printInt32
 .text.hexToStr_op
                0x0000000000007c94       0x58 CMakeFiles/kiibohd.elf.dir/Debug/print/print.c.o
                0x0000000000007c94                hexToStr_op
 .text.printHex_op
                0x0000000000007cec       0x16 CMakeFiles/kiibohd.elf.dir/Debug/print/print.c.o
                0x0000000000007cec                printHex_op
 .text.hex32ToStr_op
                0x0000000000007d02       0x5a CMakeFiles/kiibohd.elf.dir/Debug/print/print.c.o
                0x0000000000007d02                hex32ToStr_op
 .text.printHex32_op
                0x0000000000007d5c       0x16 CMakeFiles/kiibohd.elf.dir/Debug/print/print.c.o
                0x0000000000007d5c                printHex32_op
 .text.eqStr    0x0000000000007d72       0x2a CMakeFiles/kiibohd.elf.dir/Debug/print/print.c.o
                0x0000000000007d72                eqStr
 .text.numToInt
                0x0000000000007d9c       0x84 CMakeFiles/kiibohd.elf.dir/Debug/print/print.c.o
                0x0000000000007d9c                numToInt
 *(.rodata*)
 .rodata.str1.1
                0x0000000000007e20       0x85 CMakeFiles/kiibohd.elf.dir/Lib/mk20dx.c.o
                                         0x91 (size before relaxing)
 .rodata.sys_reset_to_loader_magic
                0x0000000000007ea5       0x16 CMakeFiles/kiibohd.elf.dir/Lib/mk20dx.c.o
                0x0000000000007ea5                sys_reset_to_loader_magic
 .rodata        0x0000000000007ebb        0x3 CMakeFiles/kiibohd.elf.dir/Scan/ISSILed/led_scan.c.o
 .rodata.ledWPageCLIDict_DescEntry
                0x0000000000007ebe       0x4a CMakeFiles/kiibohd.elf.dir/Scan/ISSILed/led_scan.c.o
                0x0000000000007ebe                ledWPageCLIDict_DescEntry
 .rodata.ledTestCLIDict_DescEntry
                0x0000000000007f08       0x18 CMakeFiles/kiibohd.elf.dir/Scan/ISSILed/led_scan.c.o
                0x0000000000007f08                ledTestCLIDict_DescEntry
 .rodata.ledCLIDict
                0x0000000000007f20       0x6c CMakeFiles/kiibohd.elf.dir/Scan/ISSILed/led_scan.c.o
                0x0000000000007f20                ledCLIDict
 .rodata.ledRPageCLIDict_DescEntry
                0x0000000000007f8c       0x1e CMakeFiles/kiibohd.elf.dir/Scan/ISSILed/led_scan.c.o
                0x0000000000007f8c                ledRPageCLIDict_DescEntry
 .rodata.ledStartCLIDict_DescEntry
                0x0000000000007faa       0x1b CMakeFiles/kiibohd.elf.dir/Scan/ISSILed/led_scan.c.o
                0x0000000000007faa                ledStartCLIDict_DescEntry
 .rodata.str1.1
                0x0000000000007fc5      0x1ef CMakeFiles/kiibohd.elf.dir/Scan/ISSILed/led_scan.c.o
                                        0x1f4 (size before relaxing)
 .rodata.ledCtrlCLIDict_DescEntry
                0x00000000000081b4       0x33 CMakeFiles/kiibohd.elf.dir/Scan/ISSILed/led_scan.c.o
                0x00000000000081b4                ledCtrlCLIDict_DescEntry
 .rodata.LED_defaultBrightness1
                0x00000000000081e7       0x92 CMakeFiles/kiibohd.elf.dir/Scan/ISSILed/led_scan.c.o
                0x00000000000081e7                LED_defaultBrightness1
 .rodata.ledZeroCLIDict_DescEntry
                0x0000000000008279       0x31 CMakeFiles/kiibohd.elf.dir/Scan/ISSILed/led_scan.c.o
                0x0000000000008279                ledZeroCLIDict_DescEntry
 .rodata.i2cRecvCLIDict_DescEntry
                0x00000000000082aa       0x79 CMakeFiles/kiibohd.elf.dir/Scan/ISSILed/led_scan.c.o
                0x00000000000082aa                i2cRecvCLIDict_DescEntry
 .rodata.i2cSendCLIDict_DescEntry
                0x0000000000008323       0x44 CMakeFiles/kiibohd.elf.dir/Scan/ISSILed/led_scan.c.o
                0x0000000000008323                i2cSendCLIDict_DescEntry
 .rodata.LED_ledEnableMask1
                0x0000000000008367       0x14 CMakeFiles/kiibohd.elf.dir/Scan/ISSILed/led_scan.c.o
                0x0000000000008367                LED_ledEnableMask1
 .rodata.ledCLIDictName
                0x000000000000837b       0x19 CMakeFiles/kiibohd.elf.dir/Scan/ISSILed/led_scan.c.o
                0x000000000000837b                ledCLIDictName
 .rodata.matrixDebugCLIDict_DescEntry
                0x0000000000008394       0x86 CMakeFiles/kiibohd.elf.dir/Scan/MatrixARM/matrix_scan.c.o
                0x0000000000008394                matrixDebugCLIDict_DescEntry
 .rodata.str1.1
                0x000000000000841a      0x1ce CMakeFiles/kiibohd.elf.dir/Scan/MatrixARM/matrix_scan.c.o
                                        0x1d8 (size before relaxing)
 .rodata.matrixStateCLIDict_DescEntry
                0x00000000000085e8       0x9a CMakeFiles/kiibohd.elf.dir/Scan/MatrixARM/matrix_scan.c.o
                0x00000000000085e8                matrixStateCLIDict_DescEntry
 .rodata.matrixInfoCLIDict_DescEntry
                0x0000000000008682       0x28 CMakeFiles/kiibohd.elf.dir/Scan/MatrixARM/matrix_scan.c.o
                0x0000000000008682                matrixInfoCLIDict_DescEntry
 .rodata.matrixCLIDictName
                0x00000000000086aa       0x17 CMakeFiles/kiibohd.elf.dir/Scan/MatrixARM/matrix_scan.c.o
                0x00000000000086aa                matrixCLIDictName
 *fill*         0x00000000000086c1        0x3 
 .rodata.matrixCLIDict
                0x00000000000086c4       0x30 CMakeFiles/kiibohd.elf.dir/Scan/MatrixARM/matrix_scan.c.o
                0x00000000000086c4                matrixCLIDict
 .rodata        0x00000000000086f4      0x53c CMakeFiles/kiibohd.elf.dir/Scan/STLcd/lcd_scan.c.o
 .rodata.lcdTestCLIDict_DescEntry
                0x0000000000008c30       0x1a CMakeFiles/kiibohd.elf.dir/Scan/STLcd/lcd_scan.c.o
                0x0000000000008c30                lcdTestCLIDict_DescEntry
 .rodata.lcdCLIDictName
                0x0000000000008c4a       0x17 CMakeFiles/kiibohd.elf.dir/Scan/STLcd/lcd_scan.c.o
                0x0000000000008c4a                lcdCLIDictName
 *fill*         0x0000000000008c61        0x3 
 .rodata.lcdCLIDict
                0x0000000000008c64       0x48 CMakeFiles/kiibohd.elf.dir/Scan/STLcd/lcd_scan.c.o
                0x0000000000008c64                lcdCLIDict
 .rodata.str1.1
                0x0000000000008cac       0xa1 CMakeFiles/kiibohd.elf.dir/Scan/STLcd/lcd_scan.c.o
                                         0xa4 (size before relaxing)
 .rodata.lcdCmdCLIDict_DescEntry
                0x0000000000008d4d       0x44 CMakeFiles/kiibohd.elf.dir/Scan/STLcd/lcd_scan.c.o
                0x0000000000008d4d                lcdCmdCLIDict_DescEntry
 .rodata.STLcdDefaultImage
                0x0000000000008d91      0x200 CMakeFiles/kiibohd.elf.dir/Scan/STLcd/lcd_scan.c.o
                0x0000000000008d91                STLcdDefaultImage
 .rodata.lcdColorCLIDict_DescEntry
                0x0000000000008f91       0x45 CMakeFiles/kiibohd.elf.dir/Scan/STLcd/lcd_scan.c.o
                0x0000000000008f91                lcdColorCLIDict_DescEntry
 .rodata.lcdDispCLIDict_DescEntry
                0x0000000000008fd6       0x4e CMakeFiles/kiibohd.elf.dir/Scan/STLcd/lcd_scan.c.o
                0x0000000000008fd6                lcdDispCLIDict_DescEntry
 .rodata.lcdInitCLIDict_DescEntry
                0x0000000000009024       0x1f CMakeFiles/kiibohd.elf.dir/Scan/STLcd/lcd_scan.c.o
                0x0000000000009024                lcdInitCLIDict_DescEntry
 *fill*         0x0000000000009043        0x1 
 .rodata        0x0000000000009044       0x2f CMakeFiles/kiibohd.elf.dir/Scan/UARTConnect/connect_scan.c.o
 *fill*         0x0000000000009073        0x1 
 .rodata.uartConnectCLIDict
                0x0000000000009074       0x60 CMakeFiles/kiibohd.elf.dir/Scan/UARTConnect/connect_scan.c.o
                0x0000000000009074                uartConnectCLIDict
 .rodata.connectDbgCLIDict_DescEntry
                0x00000000000090d4       0x1f CMakeFiles/kiibohd.elf.dir/Scan/UARTConnect/connect_scan.c.o
                0x00000000000090d4                connectDbgCLIDict_DescEntry
 .rodata.connectStsCLIDict_DescEntry
                0x00000000000090f3       0x14 CMakeFiles/kiibohd.elf.dir/Scan/UARTConnect/connect_scan.c.o
                0x00000000000090f3                connectStsCLIDict_DescEntry
 .rodata.str1.1
                0x0000000000009107      0x5a6 CMakeFiles/kiibohd.elf.dir/Scan/UARTConnect/connect_scan.c.o
                                        0x5af (size before relaxing)
 .rodata.connectLstCLIDict_DescEntry
                0x00000000000096ad       0x32 CMakeFiles/kiibohd.elf.dir/Scan/UARTConnect/connect_scan.c.o
                0x00000000000096ad                connectLstCLIDict_DescEntry
 .rodata.uartConnectCLIDictName
                0x00000000000096df       0x1c CMakeFiles/kiibohd.elf.dir/Scan/UARTConnect/connect_scan.c.o
                0x00000000000096df                uartConnectCLIDictName
 .rodata.connectMstCLIDict_DescEntry
                0x00000000000096fb       0x3e CMakeFiles/kiibohd.elf.dir/Scan/UARTConnect/connect_scan.c.o
                0x00000000000096fb                connectMstCLIDict_DescEntry
 .rodata.connectRstCLIDict_DescEntry
                0x0000000000009739       0x3b CMakeFiles/kiibohd.elf.dir/Scan/UARTConnect/connect_scan.c.o
                0x0000000000009739                connectRstCLIDict_DescEntry
 .rodata.connectCmdCLIDict_DescEntry
                0x0000000000009774       0x6c CMakeFiles/kiibohd.elf.dir/Scan/UARTConnect/connect_scan.c.o
                0x0000000000009774                connectCmdCLIDict_DescEntry
 .rodata.connectIdlCLIDict_DescEntry
                0x00000000000097e0       0x61 CMakeFiles/kiibohd.elf.dir/Scan/UARTConnect/connect_scan.c.o
                0x00000000000097e0                connectIdlCLIDict_DescEntry
 *fill*         0x0000000000009841        0x3 
 .rodata.default_tl_0x2B
                0x0000000000009844        0x8 CMakeFiles/kiibohd.elf.dir/Macro/PartialMap/macro.c.o
                0x0000000000009844                default_tl_0x2B
 .rodata.default_tl_0x2C
                0x000000000000984c        0x8 CMakeFiles/kiibohd.elf.dir/Macro/PartialMap/macro.c.o
                0x000000000000984c                default_tl_0x2C
 .rodata.default_tl_0x2D
                0x0000000000009854        0x4 CMakeFiles/kiibohd.elf.dir/Macro/PartialMap/macro.c.o
                0x0000000000009854                default_tl_0x2D
 .rodata.default_tl_0x2E
                0x0000000000009858        0x4 CMakeFiles/kiibohd.elf.dir/Macro/PartialMap/macro.c.o
                0x0000000000009858                default_tl_0x2E
 .rodata.default_tl_0x2F
                0x000000000000985c        0x8 CMakeFiles/kiibohd.elf.dir/Macro/PartialMap/macro.c.o
                0x000000000000985c                default_tl_0x2F
 .rodata.tm11_guide
                0x0000000000009864        0x5 CMakeFiles/kiibohd.elf.dir/Macro/PartialMap/macro.c.o
                0x0000000000009864                tm11_guide
 .rodata.rm40_guide
                0x0000000000009869        0x4 CMakeFiles/kiibohd.elf.dir/Macro/PartialMap/macro.c.o
                0x0000000000009869                rm40_guide
 .rodata.rm92_guide
                0x000000000000986d        0x4 CMakeFiles/kiibohd.elf.dir/Macro/PartialMap/macro.c.o
                0x000000000000986d                rm92_guide
 *fill*         0x0000000000009871        0x3 
 .rodata.default_tl_0x41
                0x0000000000009874        0x4 CMakeFiles/kiibohd.elf.dir/Macro/PartialMap/macro.c.o
                0x0000000000009874                default_tl_0x41
 .rodata.rm64_guide
                0x0000000000009878        0x4 CMakeFiles/kiibohd.elf.dir/Macro/PartialMap/macro.c.o
                0x0000000000009878                rm64_guide
 .rodata.default_tl_0x43
                0x000000000000987c        0x8 CMakeFiles/kiibohd.elf.dir/Macro/PartialMap/macro.c.o
                0x000000000000987c                default_tl_0x43
 .rodata.rm36_guide
                0x0000000000009884        0x4 CMakeFiles/kiibohd.elf.dir/Macro/PartialMap/macro.c.o
                0x0000000000009884                rm36_guide
 .rodata.default_tl_0x44
                0x0000000000009888        0x8 CMakeFiles/kiibohd.elf.dir/Macro/PartialMap/macro.c.o
                0x0000000000009888                default_tl_0x44
 .rodata.default_tl_0x45
                0x0000000000009890        0x8 CMakeFiles/kiibohd.elf.dir/Macro/PartialMap/macro.c.o
                0x0000000000009890                default_tl_0x45
 .rodata.default_tl_0x46
                0x0000000000009898        0x8 CMakeFiles/kiibohd.elf.dir/Macro/PartialMap/macro.c.o
                0x0000000000009898                default_tl_0x46
 .rodata.rm87_guide
                0x00000000000098a0        0x4 CMakeFiles/kiibohd.elf.dir/Macro/PartialMap/macro.c.o
                0x00000000000098a0                rm87_guide
 .rodata.default_tl_0x47
                0x00000000000098a4        0x8 CMakeFiles/kiibohd.elf.dir/Macro/PartialMap/macro.c.o
                0x00000000000098a4                default_tl_0x47
 .rodata.macroCLIDictName
                0x00000000000098ac       0x16 CMakeFiles/kiibohd.elf.dir/Macro/PartialMap/macro.c.o
                0x00000000000098ac                macroCLIDictName
 .rodata.tm41_guide
                0x00000000000098c2        0x5 CMakeFiles/kiibohd.elf.dir/Macro/PartialMap/macro.c.o
                0x00000000000098c2                tm41_guide
 .rodata.tm93_guide
                0x00000000000098c7        0x5 CMakeFiles/kiibohd.elf.dir/Macro/PartialMap/macro.c.o
                0x00000000000098c7                tm93_guide
 .rodata.keyReleaseCLIDict_DescEntry
                0x00000000000098cc       0x6b CMakeFiles/kiibohd.elf.dir/Macro/PartialMap/macro.c.o
                0x00000000000098cc                keyReleaseCLIDict_DescEntry
 .rodata.tm65_guide
                0x0000000000009937        0x5 CMakeFiles/kiibohd.elf.dir/Macro/PartialMap/macro.c.o
                0x0000000000009937                tm65_guide
 .rodata.tm2_guide
                0x000000000000993c        0x5 CMakeFiles/kiibohd.elf.dir/Macro/PartialMap/macro.c.o
                0x000000000000993c                tm2_guide
 .rodata.tm37_guide
                0x0000000000009941        0x5 CMakeFiles/kiibohd.elf.dir/Macro/PartialMap/macro.c.o
                0x0000000000009941                tm37_guide
 *fill*         0x0000000000009946        0x2 
 .rodata.default_tl_0x30
                0x0000000000009948        0x8 CMakeFiles/kiibohd.elf.dir/Macro/PartialMap/macro.c.o
                0x0000000000009948                default_tl_0x30
 .rodata.default_tl_0x31
                0x0000000000009950        0x8 CMakeFiles/kiibohd.elf.dir/Macro/PartialMap/macro.c.o
                0x0000000000009950                default_tl_0x31
 .rodata.default_tl_0x32
                0x0000000000009958        0x8 CMakeFiles/kiibohd.elf.dir/Macro/PartialMap/macro.c.o
                0x0000000000009958                default_tl_0x32
 .rodata.default_tl_0x33
                0x0000000000009960        0x8 CMakeFiles/kiibohd.elf.dir/Macro/PartialMap/macro.c.o
                0x0000000000009960                default_tl_0x33
 .rodata.default_tl_0x34
                0x0000000000009968        0x8 CMakeFiles/kiibohd.elf.dir/Macro/PartialMap/macro.c.o
                0x0000000000009968                default_tl_0x34
 .rodata.default_tl_0x35
                0x0000000000009970        0x8 CMakeFiles/kiibohd.elf.dir/Macro/PartialMap/macro.c.o
                0x0000000000009970                default_tl_0x35
 .rodata.tm101_guide
                0x0000000000009978        0x5 CMakeFiles/kiibohd.elf.dir/Macro/PartialMap/macro.c.o
                0x0000000000009978                tm101_guide
 *fill*         0x000000000000997d        0x3 
 .rodata.default_tl_0x37
                0x0000000000009980        0x4 CMakeFiles/kiibohd.elf.dir/Macro/PartialMap/macro.c.o
                0x0000000000009980                default_tl_0x37
 .rodata.default_tl_0x38
                0x0000000000009984        0x8 CMakeFiles/kiibohd.elf.dir/Macro/PartialMap/macro.c.o
                0x0000000000009984                default_tl_0x38
 .rodata.default_tl_0x39
                0x000000000000998c        0x8 CMakeFiles/kiibohd.elf.dir/Macro/PartialMap/macro.c.o
                0x000000000000998c                default_tl_0x39
 .rodata.default_tl_0x4E
                0x0000000000009994        0x8 CMakeFiles/kiibohd.elf.dir/Macro/PartialMap/macro.c.o
                0x0000000000009994                default_tl_0x4E
 .rodata.default_tl_0x3A
                0x000000000000999c        0x8 CMakeFiles/kiibohd.elf.dir/Macro/PartialMap/macro.c.o
                0x000000000000999c                default_tl_0x3A
 .rodata.default_tl_0x3B
                0x00000000000099a4        0x8 CMakeFiles/kiibohd.elf.dir/Macro/PartialMap/macro.c.o
                0x00000000000099a4                default_tl_0x3B
 .rodata.default_tl_0x3C
                0x00000000000099ac        0x8 CMakeFiles/kiibohd.elf.dir/Macro/PartialMap/macro.c.o
                0x00000000000099ac                default_tl_0x3C
 .rodata.default_tl_0x3D
                0x00000000000099b4        0x8 CMakeFiles/kiibohd.elf.dir/Macro/PartialMap/macro.c.o
                0x00000000000099b4                default_tl_0x3D
 .rodata.default_tl_0x3E
                0x00000000000099bc        0x8 CMakeFiles/kiibohd.elf.dir/Macro/PartialMap/macro.c.o
                0x00000000000099bc                default_tl_0x3E
 .rodata.default_tl_0x3F
                0x00000000000099c4        0x4 CMakeFiles/kiibohd.elf.dir/Macro/PartialMap/macro.c.o
                0x00000000000099c4                default_tl_0x3F
 .rodata.rm81_guide
                0x00000000000099c8        0x4 CMakeFiles/kiibohd.elf.dir/Macro/PartialMap/macro.c.o
                0x00000000000099c8                rm81_guide
 .rodata.macroStepCLIDict_DescEntry
                0x00000000000099cc       0x2c CMakeFiles/kiibohd.elf.dir/Macro/PartialMap/macro.c.o
                0x00000000000099cc                macroStepCLIDict_DescEntry
 .rodata.rm53_guide
                0x00000000000099f8        0x4 CMakeFiles/kiibohd.elf.dir/Macro/PartialMap/macro.c.o
                0x00000000000099f8                rm53_guide
 .rodata.rm25_guide
                0x00000000000099fc        0x4 CMakeFiles/kiibohd.elf.dir/Macro/PartialMap/macro.c.o
                0x00000000000099fc                rm25_guide
 .rodata.tm3_guide
                0x0000000000009a00        0x5 CMakeFiles/kiibohd.elf.dir/Macro/PartialMap/macro.c.o
                0x0000000000009a00                tm3_guide
 .rodata.rm21_guide
                0x0000000000009a05        0x4 CMakeFiles/kiibohd.elf.dir/Macro/PartialMap/macro.c.o
                0x0000000000009a05                rm21_guide
 .rodata.capSelectCLIDict_DescEntry
                0x0000000000009a09       0x76 CMakeFiles/kiibohd.elf.dir/Macro/PartialMap/macro.c.o
                0x0000000000009a09                capSelectCLIDict_DescEntry
 .rodata.rm77_guide
                0x0000000000009a7f        0x4 CMakeFiles/kiibohd.elf.dir/Macro/PartialMap/macro.c.o
                0x0000000000009a7f                rm77_guide
 .rodata.InterconnectOffsetList
                0x0000000000009a83        0x2 CMakeFiles/kiibohd.elf.dir/Macro/PartialMap/macro.c.o
                0x0000000000009a83                InterconnectOffsetList
 .rodata.tm76_guide
                0x0000000000009a85        0x5 CMakeFiles/kiibohd.elf.dir/Macro/PartialMap/macro.c.o
                0x0000000000009a85                tm76_guide
 .rodata.rm49_guide
                0x0000000000009a8a        0x4 CMakeFiles/kiibohd.elf.dir/Macro/PartialMap/macro.c.o
                0x0000000000009a8a                rm49_guide
 *fill*         0x0000000000009a8e        0x2 
 .rodata.layer1_tl_0x02
                0x0000000000009a90        0x8 CMakeFiles/kiibohd.elf.dir/Macro/PartialMap/macro.c.o
                0x0000000000009a90                layer1_tl_0x02
 .rodata.layer1_tl_0x03
                0x0000000000009a98        0x8 CMakeFiles/kiibohd.elf.dir/Macro/PartialMap/macro.c.o
                0x0000000000009a98                layer1_tl_0x03
 .rodata.layer1_tl_0x04
                0x0000000000009aa0        0x8 CMakeFiles/kiibohd.elf.dir/Macro/PartialMap/macro.c.o
                0x0000000000009aa0                layer1_tl_0x04
 .rodata.layer1_tl_0x05
                0x0000000000009aa8        0x8 CMakeFiles/kiibohd.elf.dir/Macro/PartialMap/macro.c.o
                0x0000000000009aa8                layer1_tl_0x05
 .rodata.layer1_tl_0x06
                0x0000000000009ab0        0x8 CMakeFiles/kiibohd.elf.dir/Macro/PartialMap/macro.c.o
                0x0000000000009ab0                layer1_tl_0x06
 .rodata.layer1_tl_0x07
                0x0000000000009ab8        0x8 CMakeFiles/kiibohd.elf.dir/Macro/PartialMap/macro.c.o
                0x0000000000009ab8                layer1_tl_0x07
 .rodata.layer1_tl_0x08
                0x0000000000009ac0        0x4 CMakeFiles/kiibohd.elf.dir/Macro/PartialMap/macro.c.o
                0x0000000000009ac0                layer1_tl_0x08
 .rodata.layer1_tl_0x09
                0x0000000000009ac4        0x4 CMakeFiles/kiibohd.elf.dir/Macro/PartialMap/macro.c.o
                0x0000000000009ac4                layer1_tl_0x09
 .rodata.tm78_guide
                0x0000000000009ac8        0x5 CMakeFiles/kiibohd.elf.dir/Macro/PartialMap/macro.c.o
                0x0000000000009ac8                tm78_guide
 *fill*         0x0000000000009acd        0x3 
 .rodata.macroCLIDict
                0x0000000000009ad0       0xa8 CMakeFiles/kiibohd.elf.dir/Macro/PartialMap/macro.c.o
                0x0000000000009ad0                macroCLIDict
 .rodata.rm85_guide
                0x0000000000009b78        0x4 CMakeFiles/kiibohd.elf.dir/Macro/PartialMap/macro.c.o
                0x0000000000009b78                rm85_guide
 .rodata.default_tl_0x40
                0x0000000000009b7c        0x4 CMakeFiles/kiibohd.elf.dir/Macro/PartialMap/macro.c.o
                0x0000000000009b7c                default_tl_0x40
 .rodata.rm79_guide
                0x0000000000009b80        0x4 CMakeFiles/kiibohd.elf.dir/Macro/PartialMap/macro.c.o
                0x0000000000009b80                rm79_guide
 .rodata.layer1_tl_0x0A
                0x0000000000009b84        0x4 CMakeFiles/kiibohd.elf.dir/Macro/PartialMap/macro.c.o
                0x0000000000009b84                layer1_tl_0x0A
 .rodata.layer1_tl_0x0B
                0x0000000000009b88        0x4 CMakeFiles/kiibohd.elf.dir/Macro/PartialMap/macro.c.o
                0x0000000000009b88                layer1_tl_0x0B
 .rodata.layer1_tl_0x0C
                0x0000000000009b8c        0x4 CMakeFiles/kiibohd.elf.dir/Macro/PartialMap/macro.c.o
                0x0000000000009b8c                layer1_tl_0x0C
 .rodata.layer1_tl_0x0D
                0x0000000000009b90        0x4 CMakeFiles/kiibohd.elf.dir/Macro/PartialMap/macro.c.o
                0x0000000000009b90                layer1_tl_0x0D
 .rodata.layer1_tl_0x0E
                0x0000000000009b94        0x4 CMakeFiles/kiibohd.elf.dir/Macro/PartialMap/macro.c.o
                0x0000000000009b94                layer1_tl_0x0E
 .rodata.layer1_tl_0x0F
                0x0000000000009b98        0x4 CMakeFiles/kiibohd.elf.dir/Macro/PartialMap/macro.c.o
                0x0000000000009b98                layer1_tl_0x0F
 .rodata.default_tl_0x48
                0x0000000000009b9c        0x8 CMakeFiles/kiibohd.elf.dir/Macro/PartialMap/macro.c.o
                0x0000000000009b9c                default_tl_0x48
 .rodata.default_tl_0x49
                0x0000000000009ba4        0x8 CMakeFiles/kiibohd.elf.dir/Macro/PartialMap/macro.c.o
                0x0000000000009ba4                default_tl_0x49
 .rodata.default_tl_0x57
                0x0000000000009bac        0x8 CMakeFiles/kiibohd.elf.dir/Macro/PartialMap/macro.c.o
                0x0000000000009bac                default_tl_0x57
 .rodata.rm12_guide
                0x0000000000009bb4        0x4 CMakeFiles/kiibohd.elf.dir/Macro/PartialMap/macro.c.o
                0x0000000000009bb4                rm12_guide
 .rodata.default_tl_0x4A
                0x0000000000009bb8        0x8 CMakeFiles/kiibohd.elf.dir/Macro/PartialMap/macro.c.o
                0x0000000000009bb8                default_tl_0x4A
 .rodata.default_tl_0x4B
                0x0000000000009bc0        0x8 CMakeFiles/kiibohd.elf.dir/Macro/PartialMap/macro.c.o
                0x0000000000009bc0                default_tl_0x4B
 .rodata.default_tl_0x4C
                0x0000000000009bc8        0x8 CMakeFiles/kiibohd.elf.dir/Macro/PartialMap/macro.c.o
                0x0000000000009bc8                default_tl_0x4C
 .rodata.default_tl_0x4D
                0x0000000000009bd0        0x8 CMakeFiles/kiibohd.elf.dir/Macro/PartialMap/macro.c.o
                0x0000000000009bd0                default_tl_0x4D
 .rodata.capListCLIDict_DescEntry
                0x0000000000009bd8       0x3c CMakeFiles/kiibohd.elf.dir/Macro/PartialMap/macro.c.o
                0x0000000000009bd8                capListCLIDict_DescEntry
 .rodata.default_tl_0x4F
                0x0000000000009c14        0x8 CMakeFiles/kiibohd.elf.dir/Macro/PartialMap/macro.c.o
                0x0000000000009c14                default_tl_0x4F
 .rodata.tm108_guide
                0x0000000000009c1c        0x5 CMakeFiles/kiibohd.elf.dir/Macro/PartialMap/macro.c.o
                0x0000000000009c1c                tm108_guide
 *fill*         0x0000000000009c21        0x3 
 .rodata.default_tl_0x55
                0x0000000000009c24        0x8 CMakeFiles/kiibohd.elf.dir/Macro/PartialMap/macro.c.o
                0x0000000000009c24                default_tl_0x55
 .rodata.rm70_guide
                0x0000000000009c2c        0x4 CMakeFiles/kiibohd.elf.dir/Macro/PartialMap/macro.c.o
                0x0000000000009c2c                rm70_guide
 .rodata.tm13_guide
                0x0000000000009c30        0x5 CMakeFiles/kiibohd.elf.dir/Macro/PartialMap/macro.c.o
                0x0000000000009c30                tm13_guide
 .rodata.rm42_guide
                0x0000000000009c35        0x4 CMakeFiles/kiibohd.elf.dir/Macro/PartialMap/macro.c.o
                0x0000000000009c35                rm42_guide
 .rodata.rm46_guide
                0x0000000000009c39        0x4 CMakeFiles/kiibohd.elf.dir/Macro/PartialMap/macro.c.o
                0x0000000000009c39                rm46_guide
 *fill*         0x0000000000009c3d        0x3 
 .rodata.ResultMacroList
                0x0000000000009c40      0x188 CMakeFiles/kiibohd.elf.dir/Macro/PartialMap/macro.c.o
                0x0000000000009c40                ResultMacroList
 .rodata.rm66_guide
                0x0000000000009dc8        0x4 CMakeFiles/kiibohd.elf.dir/Macro/PartialMap/macro.c.o
                0x0000000000009dc8                rm66_guide
 .rodata.default_tl_0x52
                0x0000000000009dcc        0x8 CMakeFiles/kiibohd.elf.dir/Macro/PartialMap/macro.c.o
                0x0000000000009dcc                default_tl_0x52
 .rodata.default_tl_0x53
                0x0000000000009dd4        0x8 CMakeFiles/kiibohd.elf.dir/Macro/PartialMap/macro.c.o
                0x0000000000009dd4                default_tl_0x53
 .rodata.default_tl_0x54
                0x0000000000009ddc        0x8 CMakeFiles/kiibohd.elf.dir/Macro/PartialMap/macro.c.o
                0x0000000000009ddc                default_tl_0x54
 .rodata.tm71_guide
                0x0000000000009de4        0x5 CMakeFiles/kiibohd.elf.dir/Macro/PartialMap/macro.c.o
                0x0000000000009de4                tm71_guide
 .rodata.rm5_guide
                0x0000000000009de9        0x4 CMakeFiles/kiibohd.elf.dir/Macro/PartialMap/macro.c.o
                0x0000000000009de9                rm5_guide
 *fill*         0x0000000000009ded        0x3 
 .rodata.default_tl_0x56
                0x0000000000009df0        0x8 CMakeFiles/kiibohd.elf.dir/Macro/PartialMap/macro.c.o
                0x0000000000009df0                default_tl_0x56
 .rodata.tm43_guide
                0x0000000000009df8        0x5 CMakeFiles/kiibohd.elf.dir/Macro/PartialMap/macro.c.o
                0x0000000000009df8                tm43_guide
 *fill*         0x0000000000009dfd        0x3 
 .rodata.layer1_tl_0x11
                0x0000000000009e00        0x4 CMakeFiles/kiibohd.elf.dir/Macro/PartialMap/macro.c.o
                0x0000000000009e00                layer1_tl_0x11
 .rodata.layer1_tl_0x12
                0x0000000000009e04        0x4 CMakeFiles/kiibohd.elf.dir/Macro/PartialMap/macro.c.o
                0x0000000000009e04                layer1_tl_0x12
 .rodata.layer1_tl_0x13
                0x0000000000009e08        0x4 CMakeFiles/kiibohd.elf.dir/Macro/PartialMap/macro.c.o
                0x0000000000009e08                layer1_tl_0x13
 .rodata.tm95_guide
                0x0000000000009e0c        0x5 CMakeFiles/kiibohd.elf.dir/Macro/PartialMap/macro.c.o
                0x0000000000009e0c                tm95_guide
 *fill*         0x0000000000009e11        0x3 
 .rodata.layer1_tl_0x15
                0x0000000000009e14        0x4 CMakeFiles/kiibohd.elf.dir/Macro/PartialMap/macro.c.o
                0x0000000000009e14                layer1_tl_0x15
 .rodata.layer1_tl_0x16
                0x0000000000009e18        0x4 CMakeFiles/kiibohd.elf.dir/Macro/PartialMap/macro.c.o
                0x0000000000009e18                layer1_tl_0x16
 .rodata.layer1_tl_0x17
                0x0000000000009e1c        0x4 CMakeFiles/kiibohd.elf.dir/Macro/PartialMap/macro.c.o
                0x0000000000009e1c                layer1_tl_0x17
 .rodata.tm4_guide
                0x0000000000009e20        0x5 CMakeFiles/kiibohd.elf.dir/Macro/PartialMap/macro.c.o
                0x0000000000009e20                tm4_guide
 *fill*         0x0000000000009e25        0x3 
 .rodata.layer1_tl_0x19
                0x0000000000009e28        0x4 CMakeFiles/kiibohd.elf.dir/Macro/PartialMap/macro.c.o
                0x0000000000009e28                layer1_tl_0x19
 .rodata.tm39_guide
                0x0000000000009e2c        0x5 CMakeFiles/kiibohd.elf.dir/Macro/PartialMap/macro.c.o
                0x0000000000009e2c                tm39_guide
 *fill*         0x0000000000009e31        0x3 
 .rodata.default_tl_0x50
                0x0000000000009e34        0x8 CMakeFiles/kiibohd.elf.dir/Macro/PartialMap/macro.c.o
                0x0000000000009e34                default_tl_0x50
 .rodata.default_tl_0x51
                0x0000000000009e3c        0x8 CMakeFiles/kiibohd.elf.dir/Macro/PartialMap/macro.c.o
                0x0000000000009e3c                default_tl_0x51
 .rodata.layer1_tl_0x1A
                0x0000000000009e44        0x4 CMakeFiles/kiibohd.elf.dir/Macro/PartialMap/macro.c.o
                0x0000000000009e44                layer1_tl_0x1A
 .rodata.tm103_guide
                0x0000000000009e48        0x5 CMakeFiles/kiibohd.elf.dir/Macro/PartialMap/macro.c.o
                0x0000000000009e48                tm103_guide
 *fill*         0x0000000000009e4d        0x3 
 .rodata.layer1_tl_0x1C
                0x0000000000009e50        0x4 CMakeFiles/kiibohd.elf.dir/Macro/PartialMap/macro.c.o
                0x0000000000009e50                layer1_tl_0x1C
 .rodata.layer1_tl_0x1D
                0x0000000000009e54        0x4 CMakeFiles/kiibohd.elf.dir/Macro/PartialMap/macro.c.o
                0x0000000000009e54                layer1_tl_0x1D
 .rodata.layer1_tl_0x1E
                0x0000000000009e58        0x4 CMakeFiles/kiibohd.elf.dir/Macro/PartialMap/macro.c.o
                0x0000000000009e58                layer1_tl_0x1E
 .rodata.layer1_tl_0x1F
                0x0000000000009e5c        0x4 CMakeFiles/kiibohd.elf.dir/Macro/PartialMap/macro.c.o
                0x0000000000009e5c                layer1_tl_0x1F
 .rodata.default_tl_0x58
                0x0000000000009e60        0x8 CMakeFiles/kiibohd.elf.dir/Macro/PartialMap/macro.c.o
                0x0000000000009e60                default_tl_0x58
 .rodata.default_tl_0x59
                0x0000000000009e68        0x8 CMakeFiles/kiibohd.elf.dir/Macro/PartialMap/macro.c.o
                0x0000000000009e68                default_tl_0x59
 .rodata.tm18_guide
                0x0000000000009e70        0x5 CMakeFiles/kiibohd.elf.dir/Macro/PartialMap/macro.c.o
                0x0000000000009e70                tm18_guide
 .rodata.rm94_guide
                0x0000000000009e75        0x4 CMakeFiles/kiibohd.elf.dir/Macro/PartialMap/macro.c.o
                0x0000000000009e75                rm94_guide
 .rodata.tm97_guide
                0x0000000000009e79        0x5 CMakeFiles/kiibohd.elf.dir/Macro/PartialMap/macro.c.o
                0x0000000000009e79                tm97_guide
 .rodata.tm30_guide
                0x0000000000009e7e        0x5 CMakeFiles/kiibohd.elf.dir/Macro/PartialMap/macro.c.o
                0x0000000000009e7e                tm30_guide
 .rodata.rm31_guide
                0x0000000000009e83        0x4 CMakeFiles/kiibohd.elf.dir/Macro/PartialMap/macro.c.o
                0x0000000000009e83                rm31_guide
 .rodata.rm83_guide
                0x0000000000009e87        0x4 CMakeFiles/kiibohd.elf.dir/Macro/PartialMap/macro.c.o
                0x0000000000009e87                rm83_guide
 .rodata.rm55_guide
                0x0000000000009e8b        0x4 CMakeFiles/kiibohd.elf.dir/Macro/PartialMap/macro.c.o
                0x0000000000009e8b                rm55_guide
 .rodata.rm27_guide
                0x0000000000009e8f        0x4 CMakeFiles/kiibohd.elf.dir/Macro/PartialMap/macro.c.o
                0x0000000000009e8f                rm27_guide
 .rodata.tm60_guide
                0x0000000000009e93        0x5 CMakeFiles/kiibohd.elf.dir/Macro/PartialMap/macro.c.o
                0x0000000000009e93                tm60_guide
 .rodata.tm84_guide
                0x0000000000009e98        0x5 CMakeFiles/kiibohd.elf.dir/Macro/PartialMap/macro.c.o
                0x0000000000009e98                tm84_guide
 *fill*         0x0000000000009e9d        0x3 
 .rodata.layer1_tl_0x20
                0x0000000000009ea0        0x4 CMakeFiles/kiibohd.elf.dir/Macro/PartialMap/macro.c.o
                0x0000000000009ea0                layer1_tl_0x20
 .rodata.layer1_tl_0x21
                0x0000000000009ea4        0x4 CMakeFiles/kiibohd.elf.dir/Macro/PartialMap/macro.c.o
                0x0000000000009ea4                layer1_tl_0x21
 .rodata.tm56_guide
                0x0000000000009ea8        0x5 CMakeFiles/kiibohd.elf.dir/Macro/PartialMap/macro.c.o
                0x0000000000009ea8                tm56_guide
 *fill*         0x0000000000009ead        0x3 
 .rodata.layer1_tl_0x30
                0x0000000000009eb0        0x8 CMakeFiles/kiibohd.elf.dir/Macro/PartialMap/macro.c.o
                0x0000000000009eb0                layer1_tl_0x30
 .rodata.layer1_tl_0x24
                0x0000000000009eb8        0x4 CMakeFiles/kiibohd.elf.dir/Macro/PartialMap/macro.c.o
                0x0000000000009eb8                layer1_tl_0x24
 .rodata.tm28_guide
                0x0000000000009ebc        0x5 CMakeFiles/kiibohd.elf.dir/Macro/PartialMap/macro.c.o
                0x0000000000009ebc                tm28_guide
 *fill*         0x0000000000009ec1        0x3 
 .rodata.layer1_tl_0x26
                0x0000000000009ec4        0x4 CMakeFiles/kiibohd.elf.dir/Macro/PartialMap/macro.c.o
                0x0000000000009ec4                layer1_tl_0x26
 .rodata.layer1_tl_0x27
                0x0000000000009ec8        0x4 CMakeFiles/kiibohd.elf.dir/Macro/PartialMap/macro.c.o
                0x0000000000009ec8                layer1_tl_0x27
 .rodata.layer1_tl_0x28
                0x0000000000009ecc        0x4 CMakeFiles/kiibohd.elf.dir/Macro/PartialMap/macro.c.o
                0x0000000000009ecc                layer1_tl_0x28
 .rodata.layer1_tl_0x29
                0x0000000000009ed0        0x4 CMakeFiles/kiibohd.elf.dir/Macro/PartialMap/macro.c.o
                0x0000000000009ed0                layer1_tl_0x29
 .rodata.layer1_tl_0x2A
                0x0000000000009ed4        0x4 CMakeFiles/kiibohd.elf.dir/Macro/PartialMap/macro.c.o
                0x0000000000009ed4                layer1_tl_0x2A
 .rodata.layer1_tl_0x2B
                0x0000000000009ed8        0x4 CMakeFiles/kiibohd.elf.dir/Macro/PartialMap/macro.c.o
                0x0000000000009ed8                layer1_tl_0x2B
 .rodata.layer1_tl_0x2C
                0x0000000000009edc        0x4 CMakeFiles/kiibohd.elf.dir/Macro/PartialMap/macro.c.o
                0x0000000000009edc                layer1_tl_0x2C
 .rodata.layer1_tl_0x2D
                0x0000000000009ee0        0x4 CMakeFiles/kiibohd.elf.dir/Macro/PartialMap/macro.c.o
                0x0000000000009ee0                layer1_tl_0x2D
 .rodata.layer1_tl_0x2E
                0x0000000000009ee4        0x4 CMakeFiles/kiibohd.elf.dir/Macro/PartialMap/macro.c.o
                0x0000000000009ee4                layer1_tl_0x2E
 .rodata.layer1_tl_0x2F
                0x0000000000009ee8        0x8 CMakeFiles/kiibohd.elf.dir/Macro/PartialMap/macro.c.o
                0x0000000000009ee8                layer1_tl_0x2F
 .rodata.CapabilitiesList
                0x0000000000009ef0       0x80 CMakeFiles/kiibohd.elf.dir/Macro/PartialMap/macro.c.o
                0x0000000000009ef0                CapabilitiesList
 .rodata.keyPressCLIDict_DescEntry
                0x0000000000009f70       0x6e CMakeFiles/kiibohd.elf.dir/Macro/PartialMap/macro.c.o
                0x0000000000009f70                keyPressCLIDict_DescEntry
 .rodata.rm72_guide
                0x0000000000009fde        0x4 CMakeFiles/kiibohd.elf.dir/Macro/PartialMap/macro.c.o
                0x0000000000009fde                rm72_guide
 .rodata.tm15_guide
                0x0000000000009fe2        0x5 CMakeFiles/kiibohd.elf.dir/Macro/PartialMap/macro.c.o
                0x0000000000009fe2                tm15_guide
 .rodata.rm44_guide
                0x0000000000009fe7        0x4 CMakeFiles/kiibohd.elf.dir/Macro/PartialMap/macro.c.o
                0x0000000000009fe7                rm44_guide
 .rodata.rm16_guide
                0x0000000000009feb        0x4 CMakeFiles/kiibohd.elf.dir/Macro/PartialMap/macro.c.o
                0x0000000000009feb                rm16_guide
 .rodata.rm68_guide
                0x0000000000009fef        0x4 CMakeFiles/kiibohd.elf.dir/Macro/PartialMap/macro.c.o
                0x0000000000009fef                rm68_guide
 .rodata.tm87_guide
                0x0000000000009ff3        0x5 CMakeFiles/kiibohd.elf.dir/Macro/PartialMap/macro.c.o
                0x0000000000009ff3                tm87_guide
 .rodata.tm73_guide
                0x0000000000009ff8        0x5 CMakeFiles/kiibohd.elf.dir/Macro/PartialMap/macro.c.o
                0x0000000000009ff8                tm73_guide
 .rodata.rm7_guide
                0x0000000000009ffd        0x4 CMakeFiles/kiibohd.elf.dir/Macro/PartialMap/macro.c.o
                0x0000000000009ffd                rm7_guide
 .rodata.tm45_guide
                0x000000000000a001        0x5 CMakeFiles/kiibohd.elf.dir/Macro/PartialMap/macro.c.o
                0x000000000000a001                tm45_guide
 .rodata.tm17_guide
                0x000000000000a006        0x5 CMakeFiles/kiibohd.elf.dir/Macro/PartialMap/macro.c.o
                0x000000000000a006                tm17_guide
 *fill*         0x000000000000a00b        0x1 
 .rodata.layer1_tl_0x31
                0x000000000000a00c        0x8 CMakeFiles/kiibohd.elf.dir/Macro/PartialMap/macro.c.o
                0x000000000000a00c                layer1_tl_0x31
 .rodata.layer1_tl_0x32
                0x000000000000a014        0x8 CMakeFiles/kiibohd.elf.dir/Macro/PartialMap/macro.c.o
                0x000000000000a014                layer1_tl_0x32
 .rodata.layer1_tl_0x33
                0x000000000000a01c        0x8 CMakeFiles/kiibohd.elf.dir/Macro/PartialMap/macro.c.o
                0x000000000000a01c                layer1_tl_0x33
 .rodata.layer1_tl_0x34
                0x000000000000a024        0x8 CMakeFiles/kiibohd.elf.dir/Macro/PartialMap/macro.c.o
                0x000000000000a024                layer1_tl_0x34
 .rodata.tm6_guide
                0x000000000000a02c        0x5 CMakeFiles/kiibohd.elf.dir/Macro/PartialMap/macro.c.o
                0x000000000000a02c                tm6_guide
 .rodata.tm105_guide
                0x000000000000a031        0x5 CMakeFiles/kiibohd.elf.dir/Macro/PartialMap/macro.c.o
                0x000000000000a031                tm105_guide
 .rodata.rm38_guide
                0x000000000000a036        0x4 CMakeFiles/kiibohd.elf.dir/Macro/PartialMap/macro.c.o
                0x000000000000a036                rm38_guide
 .rodata.tm48_guide
                0x000000000000a03a        0x5 CMakeFiles/kiibohd.elf.dir/Macro/PartialMap/macro.c.o
                0x000000000000a03a                tm48_guide
 .rodata.macroDebugCLIDict_DescEntry
                0x000000000000a03f       0x51 CMakeFiles/kiibohd.elf.dir/Macro/PartialMap/macro.c.o
                0x000000000000a03f                macroDebugCLIDict_DescEntry
 .rodata.tm99_guide
                0x000000000000a090        0x5 CMakeFiles/kiibohd.elf.dir/Macro/PartialMap/macro.c.o
                0x000000000000a090                tm99_guide
 .rodata.tm32_guide
                0x000000000000a095        0x5 CMakeFiles/kiibohd.elf.dir/Macro/PartialMap/macro.c.o
                0x000000000000a095                tm32_guide
 .rodata.rm61_guide
                0x000000000000a09a        0x4 CMakeFiles/kiibohd.elf.dir/Macro/PartialMap/macro.c.o
                0x000000000000a09a                rm61_guide
 .rodata.rm33_guide
                0x000000000000a09e        0x4 CMakeFiles/kiibohd.elf.dir/Macro/PartialMap/macro.c.o
                0x000000000000a09e                rm33_guide
 *fill*         0x000000000000a0a2        0x2 
 .rodata.layer2_tl_0x07
                0x000000000000a0a4        0x8 CMakeFiles/kiibohd.elf.dir/Macro/PartialMap/macro.c.o
                0x000000000000a0a4                layer2_tl_0x07
 .rodata.rm14_guide
                0x000000000000a0ac        0x4 CMakeFiles/kiibohd.elf.dir/Macro/PartialMap/macro.c.o
                0x000000000000a0ac                rm14_guide
 .rodata.rm57_guide
                0x000000000000a0b0        0x4 CMakeFiles/kiibohd.elf.dir/Macro/PartialMap/macro.c.o
                0x000000000000a0b0                rm57_guide
 .rodata.rm29_guide
                0x000000000000a0b4        0x4 CMakeFiles/kiibohd.elf.dir/Macro/PartialMap/macro.c.o
                0x000000000000a0b4                rm29_guide
 .rodata.layer1_tl_0x10
                0x000000000000a0b8        0x4 CMakeFiles/kiibohd.elf.dir/Macro/PartialMap/macro.c.o
                0x000000000000a0b8                layer1_tl_0x10
 .rodata.tm90_guide
                0x000000000000a0bc        0x5 CMakeFiles/kiibohd.elf.dir/Macro/PartialMap/macro.c.o
                0x000000000000a0bc                tm90_guide
 .rodata.tm62_guide
                0x000000000000a0c1        0x5 CMakeFiles/kiibohd.elf.dir/Macro/PartialMap/macro.c.o
                0x000000000000a0c1                tm62_guide
 *fill*         0x000000000000a0c6        0x2 
 .rodata.TriggerMacroList
                0x000000000000a0c8      0x368 CMakeFiles/kiibohd.elf.dir/Macro/PartialMap/macro.c.o
                0x000000000000a0c8                TriggerMacroList
 .rodata.tm34_guide
                0x000000000000a430        0x5 CMakeFiles/kiibohd.elf.dir/Macro/PartialMap/macro.c.o
                0x000000000000a430                tm34_guide
 .rodata.tm86_guide
                0x000000000000a435        0x5 CMakeFiles/kiibohd.elf.dir/Macro/PartialMap/macro.c.o
                0x000000000000a435                tm86_guide
 .rodata.tm58_guide
                0x000000000000a43a        0x5 CMakeFiles/kiibohd.elf.dir/Macro/PartialMap/macro.c.o
                0x000000000000a43a                tm58_guide
 *fill*         0x000000000000a43f        0x1 
 .rodata.layer1_tl_0x18
                0x000000000000a440        0x4 CMakeFiles/kiibohd.elf.dir/Macro/PartialMap/macro.c.o
                0x000000000000a440                layer1_tl_0x18
 .rodata.rm18_guide
                0x000000000000a444        0x4 CMakeFiles/kiibohd.elf.dir/Macro/PartialMap/macro.c.o
                0x000000000000a444                rm18_guide
 .rodata.rm20_guide
                0x000000000000a448        0x4 CMakeFiles/kiibohd.elf.dir/Macro/PartialMap/macro.c.o
                0x000000000000a448                rm20_guide
 .rodata.layer1_tl_0x1B
                0x000000000000a44c        0x4 CMakeFiles/kiibohd.elf.dir/Macro/PartialMap/macro.c.o
                0x000000000000a44c                layer1_tl_0x1B
 .rodata.layer2_tl_0x04
                0x000000000000a450        0x8 CMakeFiles/kiibohd.elf.dir/Macro/PartialMap/macro.c.o
                0x000000000000a450                layer2_tl_0x04
 .rodata.layer2_tl_0x05
                0x000000000000a458        0x8 CMakeFiles/kiibohd.elf.dir/Macro/PartialMap/macro.c.o
                0x000000000000a458                layer2_tl_0x05
 .rodata.layer2_tl_0x06
                0x000000000000a460        0x8 CMakeFiles/kiibohd.elf.dir/Macro/PartialMap/macro.c.o
                0x000000000000a460                layer2_tl_0x06
 .rodata.rm50_guide
                0x000000000000a468        0x4 CMakeFiles/kiibohd.elf.dir/Macro/PartialMap/macro.c.o
                0x000000000000a468                rm50_guide
 .rodata.layer2_tl_0x08
                0x000000000000a46c        0x8 CMakeFiles/kiibohd.elf.dir/Macro/PartialMap/macro.c.o
                0x000000000000a46c                layer2_tl_0x08
 .rodata.layer2_tl_0x09
                0x000000000000a474        0x4 CMakeFiles/kiibohd.elf.dir/Macro/PartialMap/macro.c.o
                0x000000000000a474                layer2_tl_0x09
 .rodata.rm22_guide
                0x000000000000a478        0x4 CMakeFiles/kiibohd.elf.dir/Macro/PartialMap/macro.c.o
                0x000000000000a478                rm22_guide
 .rodata.rm74_guide
                0x000000000000a47c        0x4 CMakeFiles/kiibohd.elf.dir/Macro/PartialMap/macro.c.o
                0x000000000000a47c                rm74_guide
 .rodata.layer2_tl_0x0A
                0x000000000000a480        0x4 CMakeFiles/kiibohd.elf.dir/Macro/PartialMap/macro.c.o
                0x000000000000a480                layer2_tl_0x0A
 .rodata.layer2_tl_0x0B
                0x000000000000a484        0x4 CMakeFiles/kiibohd.elf.dir/Macro/PartialMap/macro.c.o
                0x000000000000a484                layer2_tl_0x0B
 .rodata.layer2_tl_0x0C
                0x000000000000a488        0x4 CMakeFiles/kiibohd.elf.dir/Macro/PartialMap/macro.c.o
                0x000000000000a488                layer2_tl_0x0C
 .rodata.layer2_tl_0x0D
                0x000000000000a48c        0x8 CMakeFiles/kiibohd.elf.dir/Macro/PartialMap/macro.c.o
                0x000000000000a48c                layer2_tl_0x0D
 .rodata.layer2_tl_0x0E
                0x000000000000a494        0x8 CMakeFiles/kiibohd.elf.dir/Macro/PartialMap/macro.c.o
                0x000000000000a494                layer2_tl_0x0E
 .rodata.layer2_tl_0x0F
                0x000000000000a49c        0x8 CMakeFiles/kiibohd.elf.dir/Macro/PartialMap/macro.c.o
                0x000000000000a49c                layer2_tl_0x0F
 .rodata.tm0_guide
                0x000000000000a4a4        0x5 CMakeFiles/kiibohd.elf.dir/Macro/PartialMap/macro.c.o
                0x000000000000a4a4                tm0_guide
 .rodata.tm51_guide
                0x000000000000a4a9        0x5 CMakeFiles/kiibohd.elf.dir/Macro/PartialMap/macro.c.o
                0x000000000000a4a9                tm51_guide
 .rodata.tm75_guide
                0x000000000000a4ae        0x5 CMakeFiles/kiibohd.elf.dir/Macro/PartialMap/macro.c.o
                0x000000000000a4ae                tm75_guide
 .rodata.rm9_guide
                0x000000000000a4b3        0x4 CMakeFiles/kiibohd.elf.dir/Macro/PartialMap/macro.c.o
                0x000000000000a4b3                rm9_guide
 .rodata.tm67_guide
                0x000000000000a4b7        0x5 CMakeFiles/kiibohd.elf.dir/Macro/PartialMap/macro.c.o
                0x000000000000a4b7                tm67_guide
 .rodata.tm47_guide
                0x000000000000a4bc        0x5 CMakeFiles/kiibohd.elf.dir/Macro/PartialMap/macro.c.o
                0x000000000000a4bc                tm47_guide
 .rodata.tm19_guide
                0x000000000000a4c1        0x5 CMakeFiles/kiibohd.elf.dir/Macro/PartialMap/macro.c.o
                0x000000000000a4c1                tm19_guide
 .rodata.tm8_guide
                0x000000000000a4c6        0x5 CMakeFiles/kiibohd.elf.dir/Macro/PartialMap/macro.c.o
                0x000000000000a4c6                tm8_guide
 .rodata.tm107_guide
                0x000000000000a4cb        0x5 CMakeFiles/kiibohd.elf.dir/Macro/PartialMap/macro.c.o
                0x000000000000a4cb                tm107_guide
 .rodata.layer2_tl_0x10
                0x000000000000a4d0        0x8 CMakeFiles/kiibohd.elf.dir/Macro/PartialMap/macro.c.o
                0x000000000000a4d0                layer2_tl_0x10
 .rodata.tm10_guide
                0x000000000000a4d8        0x5 CMakeFiles/kiibohd.elf.dir/Macro/PartialMap/macro.c.o
                0x000000000000a4d8                tm10_guide
 *fill*         0x000000000000a4dd        0x3 
 .rodata.layer2_tl_0x12
                0x000000000000a4e0        0x4 CMakeFiles/kiibohd.elf.dir/Macro/PartialMap/macro.c.o
                0x000000000000a4e0                layer2_tl_0x12
 .rodata.layer2_tl_0x13